HI-TECH Software C Compiler 

Linker command line:

--edf=C:\Program Files (x86)\HI-TECH Software\PICC\9.82\dat\en_msgs.txt -cs \
  -h+we.sym -z -Q16F877A -ol.obj -Mwe.map -E1 -ACONST=00h-0FFhx32 \
  -ACODE=00h-07FFhx4 -ASTRCODE=00h-01FFFh -AENTRY=00h-0FFhx32 \
  -ASTRING=00h-0FFhx32 -ABANK0=020h-06Fh -ABANK1=0A0h-0EFh \
  -ABANK2=0110h-016Fh -ABANK3=0190h-01EFh \
  -ARAM=020h-06Fh,0A0h-0EFh,0110h-016Fh,0190h-01EFh \
  -AABS1=020h-07Fh,0A0h-0EFh,0110h-016Fh,0190h-01EFh -ACOMMON=070h-07Fh \
  -ASFR0=00h-01Fh -ASFR1=080h-09Fh -ASFR2=0100h-010Fh -ASFR3=0180h-018Fh \
  -preset_vec=00h,intentry,init,end_init -ppowerup=CODE -pfunctab=CODE \
  -ACONFIG=02007h-02007h -pconfig=CONFIG -DCONFIG=2 -AIDLOC=02000h-02003h \
  -pidloc=IDLOC -DIDLOC=2 -AEEDATA=00h-0FFh/02100h -peeprom_data=EEDATA \
  -DEEDATA=2 -DCODE=2 -DSTRCODE=2 -DSTRING=2 -DCONST=2 -DENTRY=2 -k \
  startup.obj we.obj 

Object code version is 3.10

Machine type is 16F877A



                Name                               Link     Load   Length Selector   Space Scale
startup.obj     end_init                              0        0        3        0       0
we.obj          text167                             656      656       31      CAC       0
                text166                             615      615       1F      C2A       0
                text165                             605      605       10      C0A       0
                text164                             6C6      6C6       47      D8C       0
                text163                             70D      70D       4E      E1A       0
                text162                             634      634       22      C68       0
                text161                             5F4      5F4        8      BE8       0
                text160                             5FC      5FC        9      BF8       0
                text159                             687      687       3F      D0E       0
                maintext                            75B      75B       A5      EB6       0
                cstackCOMMON                         70       70        A       70       1
                bssCOMMON                            7B       7B        1       70       1
                bitbssCOMMON                        3D0       7A        1       70       1     8
                cinit                               5EE      5EE        6      BDC       0
                strings                               3        3       39        6       0

TOTAL           Name                               Link     Load   Length     Space
        CLASS   CONST          

        CLASS   CODE           
                end_init                              0        0        3         0
                text167                             656      656       31         0
                text166                             615      615       1F         0
                text165                             605      605       10         0
                text164                             6C6      6C6       47         0
                text163                             70D      70D       4E         0
                text162                             634      634       22         0
                text161                             5F4      5F4        8         0
                text160                             5FC      5FC        9         0
                text159                             687      687       3F         0
                maintext                            75B      75B       A5         0
                cinit                               5EE      5EE        6         0

        CLASS   STRCODE        

        CLASS   ENTRY          

        CLASS   STRING         
                strings                               3        3       39         0

        CLASS   BANK0          

        CLASS   BANK1          

        CLASS   BANK2          

        CLASS   BANK3          

        CLASS   RAM            

        CLASS   ABS1           
                abs_s1                               7E       7E        2         1

        CLASS   COMMON         
                cstackCOMMON                         70       70        A         1
                bssCOMMON                            7B       7B        1         1
                bitbssCOMMON                        3D0       7A        1         1

        CLASS   SFR0           

        CLASS   SFR1           

        CLASS   SFR2           

        CLASS   SFR3           

        CLASS   CONFIG         

        CLASS   IDLOC          

        CLASS   EEDATA         



SEGMENTS        Name                           Load    Length   Top    Selector   Space  Class     Delta

                reset_vec                      000000  000003  000003         0       0  CODE        2
                strings                        000003  000039  00003C         6       0  STRING      2
                cstackCOMMON                   000070  00000C  00007C        70       1  COMMON      1
                cinit                          0005EE  000006  0005F4       BDC       0  CODE        2
                text161                        0005F4  000008  0005FC       BE8       0  CODE        2
                text160                        0005FC  000009  000605       BF8       0  CODE        2
                text165                        000605  000010  000615       C0A       0  CODE        2
                text166                        000615  00001F  000634       C2A       0  CODE        2
                text162                        000634  000022  000656       C68       0  CODE        2
                text167                        000656  000031  000687       CAC       0  CODE        2
                text159                        000687  00003F  0006C6       D0E       0  CODE        2
                text164                        0006C6  000047  00070D       D8C       0  CODE        2
                text163                        00070D  00004E  00075B       E1A       0  CODE        2
                maintext                       00075B  0000A5  000800       EB6       0  CODE        2


UNUSED ADDRESS RANGES

        Name                Unused          Largest block    Delta
        BANK0            0020-006F             50           1
        BANK1            00A0-00EF             50           1
        BANK2            0110-016F             60           1
        BANK3            0190-01EF             60           1
        CODE             003C-05ED            5B2           2
                         0800-1FFF            800
        COMMON           007C-007D              2           1
        CONFIG           2007-2007              1           2
        CONST            003C-05ED            100           2
                         0800-1FFF            100
        EEDATA           2100-21FF            100           2
        ENTRY            003C-05ED            100           2
                         0800-1FFF            100
        IDLOC            2000-2003              4           2
        RAM              0020-006F             50           1
                         00A0-00EF             50
                         0110-016F             60
                         0190-01EF             60
        SFR0             0000-001F             20           1
        SFR1             0080-009F             20           1
        SFR2             0100-010F             10           1
        SFR3             0180-018F             10           1
        STRCODE          003C-05ED            5B2           2
                         0800-1FFF           1800
        STRING           003C-05ED            100           2
                         0800-1FFF            100

                                  Symbol Table

??_LCD_STROBE          cstackCOMMON 0070
??_eeprom_read         cstackCOMMON 0070
??_eeprom_write        cstackCOMMON 0071
??_lcd_clear           cstackCOMMON 0076
??_lcd_goto            cstackCOMMON 0077
??_lcd_init            cstackCOMMON 0076
??_lcd_putch           cstackCOMMON 0076
??_lcd_puts            cstackCOMMON 0076
??_main                cstackCOMMON 0079
??_send                cstackCOMMON 0072
?_LCD_STROBE           cstackCOMMON 0070
?_eeprom_read          cstackCOMMON 0070
?_eeprom_write         cstackCOMMON 0070
?_lcd_clear            cstackCOMMON 0070
?_lcd_goto             cstackCOMMON 0076
?_lcd_init             cstackCOMMON 0070
?_lcd_putch            cstackCOMMON 0070
?_lcd_puts             cstackCOMMON 0070
?_main                 cstackCOMMON 0070
?_send                 cstackCOMMON 0070
_CARRY                 (abs)        0018
_EEADR                 (abs)        010D
_EECON1                (abs)        018C
_EECON2                (abs)        018D
_EEDATA                (abs)        010C
_EEPGD                 (abs)        0C67
_GIE                   (abs)        005F
_LCD_STROBE            text165      0605
_PORTB                 (abs)        0006
_PORTC                 (abs)        0007
_PORTD                 (abs)        0008
_RC3                   (abs)        003B
_RC4                   (abs)        003C
_RD                    (abs)        0C60
_RD2                   (abs)        0042
_RD3                   (abs)        0043
_TRISB                 (abs)        0086
_TRISC                 (abs)        0087
_TRISD                 (abs)        0088
_WR                    (abs)        0C61
_WREN                  (abs)        0C62
__Habs1                abs1         0000
__Hbank0               bank0        0000
__Hbank1               bank1        0000
__Hbank2               bank2        0000
__Hbank3               bank3        0000
__HbitbssCOMMON        bitbssCOMMON 0000
__HbssCOMMON           bssCOMMON    0000
__Hcinit               cinit        0000
__Hclrtext             clrtext      0000
__Hcode                code         0000
__Hcommon              common       0000
__Hconfig              config       0000
__HcstackCOMMON        cstackCOMMON 0000
__Heeprom_data         eeprom_data  0000
__Hend_init            end_init     0003
__Hfunctab             functab      0000
__Hidloc               idloc        0000
__Hinit                init         0000
__Hintentry            intentry     0000
__Hmaintext            maintext     0000
__Hpowerup             powerup      0000
__Hram                 ram          0000
__Hreset_vec           reset_vec    0000
__Hsfr0                sfr0         0000
__Hsfr1                sfr1         0000
__Hsfr2                sfr2         0000
__Hsfr3                sfr3         0000
__Hstrings             strings      0000
__Htext                text         0000
__Labs1                abs1         0000
__Lbank0               bank0        0000
__Lbank1               bank1        0000
__Lbank2               bank2        0000
__Lbank3               bank3        0000
__LbitbssCOMMON        bitbssCOMMON 0000
__LbssCOMMON           bssCOMMON    0000
__Lcinit               cinit        0000
__Lclrtext             clrtext      0000
__Lcode                code         0000
__Lcommon              common       0000
__Lconfig              config       0000
__LcstackCOMMON        cstackCOMMON 0000
__Leeprom_data         eeprom_data  0000
__Lend_init            end_init     0000
__Lfunctab             functab      0000
__Lidloc               idloc        0000
__Linit                init         0000
__Lintentry            intentry     0000
__Lmaintext            maintext     0000
__Lpowerup             powerup      0000
__Lram                 ram          0000
__Lreset_vec           reset_vec    0000
__Lsfr0                sfr0         0000
__Lsfr1                sfr1         0000
__Lsfr2                sfr2         0000
__Lsfr3                sfr3         0000
__Lstrings             strings      0000
__Ltext                text         0000
__S0                   (abs)        0800
__S1                   (abs)        007C
__S2                   (abs)        0000
__end_of_LCD_STROBE    text165      0615
__end_of_eeprom_read   text166      0634
__end_of_eeprom_write  text167      0687
__end_of_lcd_clear     text161      05FC
__end_of_lcd_goto      text159      06C6
__end_of_lcd_init      text163      075B
__end_of_lcd_putch     text160      0605
__end_of_lcd_puts      text162      0656
__end_of_main          maintext     0800
__end_of_send          text164      070D
__pbitbssCOMMON        bitbssCOMMON 03D0
__pbssCOMMON           bssCOMMON    007B
__pcstackCOMMON        cstackCOMMON 0070
__pmaintext            maintext     075B
__pstrings             strings      0003
__ptext158             text158      0000
__ptext159             text159      0687
__ptext160             text160      05FC
__ptext161             text161      05F4
__ptext162             text162      0634
__ptext163             text163      070D
__ptext164             text164      06C6
__ptext165             text165      0605
__ptext166             text166      0615
__ptext167             text167      0656
__ptext168             text168      0000
__size_of_LCD_STROBE   (abs)        0000
__size_of_eeprom_read  (abs)        0000
__size_of_eeprom_write (abs)        0000
__size_of_lcd_clear    (abs)        0000
__size_of_lcd_goto     (abs)        0000
__size_of_lcd_init     (abs)        0000
__size_of_lcd_putch    (abs)        0000
__size_of_lcd_puts     (abs)        0000
__size_of_main         (abs)        0000
__size_of_send         (abs)        0000
_eeprom_read           text166      0615
_eeprom_write          text167      0656
_exit                  init         0000
_k                     bssCOMMON    007B
_lcd_clear             text161      05F4
_lcd_goto              text159      0687
_lcd_init              text163      070D
_lcd_putch             text160      05FC
_lcd_puts              text162      0634
_main                  maintext     075B
_mode                  bitbssCOMMON 03D0
_send                  text164      06C6
btemp                  (abs)        007E
eeprom_read@addr       cstackCOMMON 0071
eeprom_write@addr      cstackCOMMON 0072
eeprom_write@value     cstackCOMMON 0070
end_of_initialization  cinit        05F0
intlevel0              functab      0000
intlevel1              functab      0000
intlevel2              functab      0000
intlevel3              functab      0000
intlevel4              functab      0000
intlevel5              functab      0000
lcd_goto@line          cstackCOMMON 0077
lcd_goto@pos           cstackCOMMON 0076
lcd_putch@c            cstackCOMMON 0076
lcd_puts@s             cstackCOMMON 0077
reset_vec              reset_vec    0000
send@temp              cstackCOMMON 0074
send@x                 cstackCOMMON 0075
start                  init         0000
start_initialization   cinit        05EE
wtemp0                 (abs)        007E
