HI-TECH Software C Compiler 

Linker command line:

--edf=C:\Program Files (x86)\HI-TECH Software\PICC\9.82\dat\en_msgs.txt -cs \
  -h+FR.sym -z -Q16F877A -ol.obj -MFR.map -E1 -ACONST=00h-0FFhx32 \
  -ACODE=00h-07FFhx4 -ASTRCODE=00h-01FFFh -AENTRY=00h-0FFhx32 \
  -ASTRING=00h-0FFhx32 -ABANK0=020h-06Fh -ABANK1=0A0h-0EFh \
  -ABANK2=0110h-016Fh -ABANK3=0190h-01EFh \
  -ARAM=020h-06Fh,0A0h-0EFh,0110h-016Fh,0190h-01EFh \
  -AABS1=020h-07Fh,0A0h-0EFh,0110h-016Fh,0190h-01EFh -ACOMMON=070h-07Fh \
  -ASFR0=00h-01Fh -ASFR1=080h-09Fh -ASFR2=0100h-010Fh -ASFR3=0180h-018Fh \
  -preset_vec=00h,intentry,init,end_init -ppowerup=CODE -pfunctab=CODE \
  -ACONFIG=02007h-02007h -pconfig=CONFIG -DCONFIG=2 -AIDLOC=02000h-02003h \
  -pidloc=IDLOC -DIDLOC=2 -AEEDATA=00h-0FFh/02100h -peeprom_data=EEDATA \
  -DEEDATA=2 -DCODE=2 -DSTRCODE=2 -DSTRING=2 -DCONST=2 -DENTRY=2 -k \
  startup.obj FR.obj 

Object code version is 3.10

Machine type is 16F877A



                Name                               Link     Load   Length Selector   Space Scale
startup.obj     end_init                              0        0        3        0       0
FR.obj          text119                             6DA      6DA       10      DB4       0
                text118                             76F      76F       47      EDE       0
                text117                             7B6      7B6       4A      F6C       0
                text116                             6EA      6EA       22      DD4       0
                text115                             730      730       3F      E60       0
                maintext                            70C      70C       24      E18       0
                cstackCOMMON                         70       70        8       70       1
                bitbssCOMMON                        3C0       78        1       70       1     8
                cinit                               6D5      6D5        5      DAA       0
                strings                               3        3       1A        6       0

TOTAL           Name                               Link     Load   Length     Space
        CLASS   CONST          

        CLASS   CODE           
                end_init                              0        0        3         0
                text119                             6DA      6DA       10         0
                text118                             76F      76F       47         0
                text117                             7B6      7B6       4A         0
                text116                             6EA      6EA       22         0
                text115                             730      730       3F         0
                maintext                            70C      70C       24         0
                cinit                               6D5      6D5        5         0

        CLASS   STRCODE        

        CLASS   ENTRY          

        CLASS   STRING         
                strings                               3        3       1A         0

        CLASS   BANK0          

        CLASS   BANK1          

        CLASS   BANK2          

        CLASS   BANK3          

        CLASS   RAM            

        CLASS   ABS1           
                abs_s1                               7E       7E        2         1

        CLASS   COMMON         
                cstackCOMMON                         70       70        8         1
                bitbssCOMMON                        3C0       78        1         1

        CLASS   SFR0           

        CLASS   SFR1           

        CLASS   SFR2           

        CLASS   SFR3           

        CLASS   CONFIG         

        CLASS   IDLOC          

        CLASS   EEDATA         



SEGMENTS        Name                           Load    Length   Top    Selector   Space  Class     Delta

                reset_vec                      000000  000003  000003         0       0  CODE        2
                strings                        000003  00001A  00001D         6       0  STRING      2
                cstackCOMMON                   000070  000009  000079        70       1  COMMON      1
                cinit                          0006D5  000005  0006DA       DAA       0  CODE        2
                text119                        0006DA  000010  0006EA       DB4       0  CODE        2
                text116                        0006EA  000022  00070C       DD4       0  CODE        2
                maintext                       00070C  000024  000730       E18       0  CODE        2
                text115                        000730  00003F  00076F       E60       0  CODE        2
                text118                        00076F  000047  0007B6       EDE       0  CODE        2
                text117                        0007B6  00004A  000800       F6C       0  CODE        2


UNUSED ADDRESS RANGES

        Name                Unused          Largest block    Delta
        BANK0            0020-006F             50           1
        BANK1            00A0-00EF             50           1
        BANK2            0110-016F             60           1
        BANK3            0190-01EF             60           1
        CODE             001D-06D4            6B8           2
                         0800-1FFF            800
        COMMON           0079-007D              5           1
        CONFIG           2007-2007              1           2
        CONST            001D-06D4            100           2
                         0800-1FFF            100
        EEDATA           2100-21FF            100           2
        ENTRY            001D-06D4            100           2
                         0800-1FFF            100
        IDLOC            2000-2003              4           2
        RAM              0020-006F             50           1
                         00A0-00EF             50
                         0110-016F             60
                         0190-01EF             60
        SFR0             0000-001F             20           1
        SFR1             0080-009F             20           1
        SFR2             0100-010F             10           1
        SFR3             0180-018F             10           1
        STRCODE          001D-06D4            6B8           2
                         0800-1FFF           1800
        STRING           001D-06D4            100           2
                         0800-1FFF            100

                                  Symbol Table

??_LCD_STROBE         cstackCOMMON 0070
??_lcd_goto           cstackCOMMON 0077
??_lcd_init           cstackCOMMON 0076
??_lcd_puts           cstackCOMMON 0076
??_main               cstackCOMMON 0078
??_send               cstackCOMMON 0072
?_LCD_STROBE          cstackCOMMON 0070
?_lcd_goto            cstackCOMMON 0076
?_lcd_init            cstackCOMMON 0070
?_lcd_puts            cstackCOMMON 0070
?_main                cstackCOMMON 0070
?_send                cstackCOMMON 0070
_CARRY                (abs)        0018
_EEADR                (abs)        010D
_EECON1               (abs)        018C
_EECON2               (abs)        018D
_EEDATA               (abs)        010C
_GIE                  (abs)        005F
_LCD_STROBE           text119      06DA
_PORTD                (abs)        0008
_RD                   (abs)        0C60
_RD2                  (abs)        0042
_RD3                  (abs)        0043
_TRISD                (abs)        0088
_WR                   (abs)        0C61
_WREN                 (abs)        0C62
__Habs1               abs1         0000
__Hbank0              bank0        0000
__Hbank1              bank1        0000
__Hbank2              bank2        0000
__Hbank3              bank3        0000
__HbitbssCOMMON       bitbssCOMMON 0000
__Hcinit              cinit        0000
__Hclrtext            clrtext      0000
__Hcode               code         0000
__Hcommon             common       0000
__Hconfig             config       0000
__HcstackCOMMON       cstackCOMMON 0000
__Heeprom_data        eeprom_data  0000
__Hend_init           end_init     0003
__Hfunctab            functab      0000
__Hidloc              idloc        0000
__Hinit               init         0000
__Hintentry           intentry     0000
__Hmaintext           maintext     0000
__Hpowerup            powerup      0000
__Hram                ram          0000
__Hreset_vec          reset_vec    0000
__Hsfr0               sfr0         0000
__Hsfr1               sfr1         0000
__Hsfr2               sfr2         0000
__Hsfr3               sfr3         0000
__Hstrings            strings      0000
__Htext               text         0000
__Labs1               abs1         0000
__Lbank0              bank0        0000
__Lbank1              bank1        0000
__Lbank2              bank2        0000
__Lbank3              bank3        0000
__LbitbssCOMMON       bitbssCOMMON 0000
__Lcinit              cinit        0000
__Lclrtext            clrtext      0000
__Lcode               code         0000
__Lcommon             common       0000
__Lconfig             config       0000
__LcstackCOMMON       cstackCOMMON 0000
__Leeprom_data        eeprom_data  0000
__Lend_init           end_init     0000
__Lfunctab            functab      0000
__Lidloc              idloc        0000
__Linit               init         0000
__Lintentry           intentry     0000
__Lmaintext           maintext     0000
__Lpowerup            powerup      0000
__Lram                ram          0000
__Lreset_vec          reset_vec    0000
__Lsfr0               sfr0         0000
__Lsfr1               sfr1         0000
__Lsfr2               sfr2         0000
__Lsfr3               sfr3         0000
__Lstrings            strings      0000
__Ltext               text         0000
__S0                  (abs)        0800
__S1                  (abs)        0079
__S2                  (abs)        0000
__end_of_LCD_STROBE   text119      06EA
__end_of_lcd_goto     text115      076F
__end_of_lcd_init     text117      0800
__end_of_lcd_puts     text116      070C
__end_of_main         maintext     0730
__end_of_send         text118      07B6
__pbitbssCOMMON       bitbssCOMMON 03C0
__pcstackCOMMON       cstackCOMMON 0070
__pmaintext           maintext     070C
__pstrings            strings      0003
__ptext114            text114      0000
__ptext115            text115      0730
__ptext116            text116      06EA
__ptext117            text117      07B6
__ptext118            text118      076F
__ptext119            text119      06DA
__ptext120            text120      0000
__size_of_LCD_STROBE  (abs)        0000
__size_of_lcd_goto    (abs)        0000
__size_of_lcd_init    (abs)        0000
__size_of_lcd_puts    (abs)        0000
__size_of_main        (abs)        0000
__size_of_send        (abs)        0000
_exit                 init         0000
_lcd_goto             text115      0730
_lcd_init             text117      07B6
_lcd_puts             text116      06EA
_main                 maintext     070C
_mode                 bitbssCOMMON 03C0
_send                 text118      076F
btemp                 (abs)        007E
end_of_initialization cinit        06D6
intlevel0             functab      0000
intlevel1             functab      0000
intlevel2             functab      0000
intlevel3             functab      0000
intlevel4             functab      0000
intlevel5             functab      0000
lcd_goto@line         cstackCOMMON 0077
lcd_goto@pos          cstackCOMMON 0076
lcd_puts@s            cstackCOMMON 0077
reset_vec             reset_vec    0000
send@temp             cstackCOMMON 0074
send@x                cstackCOMMON 0075
start                 init         0000
start_initialization  cinit        06D5
wtemp0                (abs)        007E
