HI-TECH Software C Compiler 

Linker command line:

--edf=C:\Program Files (x86)\HI-TECH Software\PICC\9.82\dat\en_msgs.txt -cs \
  -h+we.sym -z -Q16F877A -ol.obj -Mwe.map -E1 -ACONST=00h-0FFhx32 \
  -ACODE=00h-07FFhx4 -ASTRCODE=00h-01FFFh -AENTRY=00h-0FFhx32 \
  -ASTRING=00h-0FFhx32 -ABANK0=020h-06Fh -ABANK1=0A0h-0EFh \
  -ABANK2=0110h-016Fh -ABANK3=0190h-01EFh \
  -ARAM=020h-06Fh,0A0h-0EFh,0110h-016Fh,0190h-01EFh \
  -AABS1=020h-07Fh,0A0h-0EFh,0110h-016Fh,0190h-01EFh -ACOMMON=070h-07Fh \
  -ASFR0=00h-01Fh -ASFR1=080h-09Fh -ASFR2=0100h-010Fh -ASFR3=0180h-018Fh \
  -preset_vec=00h,intentry,init,end_init -ppowerup=CODE -pfunctab=CODE \
  -ACONFIG=02007h-02007h -pconfig=CONFIG -DCONFIG=2 -AIDLOC=02000h-02003h \
  -pidloc=IDLOC -DIDLOC=2 -AEEDATA=00h-0FFh/02100h -peeprom_data=EEDATA \
  -DEEDATA=2 -DCODE=2 -DSTRCODE=2 -DSTRING=2 -DCONST=2 -DENTRY=2 -k \
  startup.obj we.obj 

Object code version is 3.10

Machine type is 16F877A



                Name                               Link     Load   Length Selector   Space Scale
startup.obj     end_init                              0        0        3        0       0
we.obj          text434                             27D      27D       21      4FA       0
                text433                             234      234        B      468       0
                text432                             40A      40A       4E      814       0
                text431                             336      336       44      66C       0
                text430                             4A6      4A6       7B      94C       0
                text429                             5A5      5A5       A6      B4A       0
                text428                             23F      23F       10      47E       0
                text427                             2F9      2F9       3D      5F2       0
                text426                             521      521       84      A42       0
                text425                             712      712       EE      E24       0
                text424                             262      262       1B      4C4       0
                text423                             37A      37A       47      6F4       0
                text422                             2C9      2C9       30      592       0
                text421                             458      458       4E      8B0       0
                text420                             29E      29E       2B      53C       0
                text419                             3C1      3C1       49      782       0
                maintext                            64B      64B       C7      C96       0
                cstackBANK0                          20       20       1E       20       1
                cstackCOMMON                         70       70        E       70       1
                bssBANK0                             3E       3E        E       20       1
                bitbssBANK0                         260       4C        1       20       1     8
                cinit                               24F      24F       13      49E       0
                strings                               3        3       2E        6       0

TOTAL           Name                               Link     Load   Length     Space
        CLASS   CONST          

        CLASS   CODE           
                end_init                              0        0        3         0
                text434                             27D      27D       21         0
                text433                             234      234        B         0
                text432                             40A      40A       4E         0
                text431                             336      336       44         0
                text430                             4A6      4A6       7B         0
                text429                             5A5      5A5       A6         0
                text428                             23F      23F       10         0
                text427                             2F9      2F9       3D         0
                text426                             521      521       84         0
                text425                             712      712       EE         0
                text424                             262      262       1B         0
                text423                             37A      37A       47         0
                text422                             2C9      2C9       30         0
                text421                             458      458       4E         0
                text420                             29E      29E       2B         0
                text419                             3C1      3C1       49         0
                maintext                            64B      64B       C7         0
                cinit                               24F      24F       13         0

        CLASS   STRCODE        

        CLASS   ENTRY          

        CLASS   STRING         
                strings                               3        3       2E         0

        CLASS   BANK0          
                cstackBANK0                          20       20       1E         1
                bssBANK0                             3E       3E        E         1
                bitbssBANK0                         260       4C        1         1

        CLASS   BANK1          

        CLASS   BANK2          

        CLASS   BANK3          

        CLASS   RAM            

        CLASS   ABS1           
                abs_s1                               7E       7E        2         1

        CLASS   COMMON         
                cstackCOMMON                         70       70        E         1

        CLASS   SFR0           

        CLASS   SFR1           

        CLASS   SFR2           

        CLASS   SFR3           

        CLASS   CONFIG         

        CLASS   IDLOC          

        CLASS   EEDATA         



SEGMENTS        Name                           Load    Length   Top    Selector   Space  Class     Delta

                reset_vec                      000000  000003  000003         0       0  CODE        2
                strings                        000003  00002E  000031         6       0  STRING      2
                cstackBANK0                    000020  00002D  00004D        20       1  BANK0       1
                cstackCOMMON                   000070  00000E  00007E        70       1  COMMON      1
                text433                        000234  00000B  00023F       468       0  CODE        2
                text428                        00023F  000010  00024F       47E       0  CODE        2
                cinit                          00024F  000013  000262       49E       0  CODE        2
                text424                        000262  00001B  00027D       4C4       0  CODE        2
                text434                        00027D  000021  00029E       4FA       0  CODE        2
                text420                        00029E  00002B  0002C9       53C       0  CODE        2
                text422                        0002C9  000030  0002F9       592       0  CODE        2
                text427                        0002F9  00003D  000336       5F2       0  CODE        2
                text431                        000336  000044  00037A       66C       0  CODE        2
                text423                        00037A  000047  0003C1       6F4       0  CODE        2
                text419                        0003C1  000049  00040A       782       0  CODE        2
                text432                        00040A  00004E  000458       814       0  CODE        2
                text421                        000458  00004E  0004A6       8B0       0  CODE        2
                text430                        0004A6  00007B  000521       94C       0  CODE        2
                text426                        000521  000084  0005A5       A42       0  CODE        2
                text429                        0005A5  0000A6  00064B       B4A       0  CODE        2
                maintext                       00064B  0000C7  000712       C96       0  CODE        2
                text425                        000712  0000EE  000800       E24       0  CODE        2


UNUSED ADDRESS RANGES

        Name                Unused          Largest block    Delta
        BANK0            004D-006F             23           1
        BANK1            00A0-00EF             50           1
        BANK2            0110-016F             60           1
        BANK3            0190-01EF             60           1
        CODE             0031-0233            203           2
                         0800-1FFF            800
        CONFIG           2007-2007              1           2
        CONST            0031-0233            100           2
                         0800-1FFF            100
        EEDATA           2100-21FF            100           2
        ENTRY            0031-0233            100           2
                         0800-1FFF            100
        IDLOC            2000-2003              4           2
        RAM              004D-006F             23           1
                         00A0-00EF             50
                         0110-016F             60
                         0190-01EF             60
        SFR0             0000-001F             20           1
        SFR1             0080-009F             20           1
        SFR2             0100-010F             10           1
        SFR3             0180-018F             10           1
        STRCODE          0031-0233            203           2
                         0800-1FFF           1800
        STRING           0031-0233            100           2
                         0800-1FFF            100

                                  Symbol Table

??_DelayMs             cstackCOMMON 0070
??_LCD_STROBE          cstackCOMMON 0070
??___ftmul             cstackBANK0  0033
??___ftpack            cstackCOMMON 0075
??___fttol             cstackBANK0  0020
??___lwdiv             cstackCOMMON 0074
??___lwmod             cstackCOMMON 0074
??___lwtoft            cstackCOMMON 007C
??_init_adc            cstackCOMMON 0070
??_itoa                cstackCOMMON 007D
??_lcd_goto            cstackCOMMON 0077
??_lcd_init            cstackCOMMON 0076
??_lcd_puts            cstackCOMMON 0078
??_main                cstackBANK0  003D
??_read_adc            cstackCOMMON 0076
??_send                cstackCOMMON 0072
??_utoa                cstackCOMMON 007C
?_DelayMs              cstackCOMMON 0070
?_LCD_STROBE           cstackCOMMON 0070
?___ftmul              cstackBANK0  002D
?___ftpack             cstackCOMMON 0070
?___fttol              cstackCOMMON 0078
?___lwdiv              cstackCOMMON 0070
?___lwmod              cstackCOMMON 0070
?___lwtoft             cstackBANK0  002A
?_init_adc             cstackCOMMON 0070
?_itoa                 cstackBANK0  0024
?_lcd_goto             cstackCOMMON 0076
?_lcd_init             cstackCOMMON 0070
?_lcd_puts             cstackCOMMON 0076
?_main                 cstackCOMMON 0070
?_read_adc             cstackCOMMON 0074
?_send                 cstackCOMMON 0070
?_utoa                 cstackCOMMON 0078
DelayMs@_dcnt          cstackCOMMON 0073
DelayMs@cnt            cstackCOMMON 0071
DelayMs@i              cstackCOMMON 0072
_ADCON0                (abs)        001F
_ADCON1                (abs)        009F
_ADRESH                (abs)        001E
_ADRESL                (abs)        009E
_CARRY                 (abs)        0018
_DelayMs               text434      027D
_EEADR                 (abs)        010D
_EECON1                (abs)        018C
_EECON2                (abs)        018D
_EEDATA                (abs)        010C
_GIE                   (abs)        005F
_GO                    (abs)        00FA
_LCD_STROBE            text428      023F
_PORTD                 (abs)        0008
_RD                    (abs)        0C60
_RD2                   (abs)        0042
_RD3                   (abs)        0043
_TRISA                 (abs)        0085
_TRISD                 (abs)        0088
_WR                    (abs)        0C61
_WREN                  (abs)        0C62
__Habs1                abs1         0000
__Hbank0               bank0        0000
__Hbank1               bank1        0000
__Hbank2               bank2        0000
__Hbank3               bank3        0000
__HbitbssBANK0         bitbssBANK0  0000
__HbssBANK0            bssBANK0     0000
__Hcinit               cinit        0000
__Hclrtext             clrtext      0000
__Hcode                code         0000
__Hcommon              common       0000
__Hconfig              config       0000
__HcstackBANK0         cstackBANK0  0000
__HcstackCOMMON        cstackCOMMON 0000
__Heeprom_data         eeprom_data  0000
__Hend_init            end_init     0003
__Hfunctab             functab      0000
__Hidloc               idloc        0000
__Hinit                init         0000
__Hintentry            intentry     0000
__Hmaintext            maintext     0000
__Hpowerup             powerup      0000
__Hram                 ram          0000
__Hreset_vec           reset_vec    0000
__Hsfr0                sfr0         0000
__Hsfr1                sfr1         0000
__Hsfr2                sfr2         0000
__Hsfr3                sfr3         0000
__Hstrings             strings      0000
__Htext                text         0000
__Labs1                abs1         0000
__Lbank0               bank0        0000
__Lbank1               bank1        0000
__Lbank2               bank2        0000
__Lbank3               bank3        0000
__LbitbssBANK0         bitbssBANK0  0000
__LbssBANK0            bssBANK0     0000
__Lcinit               cinit        0000
__Lclrtext             clrtext      0000
__Lcode                code         0000
__Lcommon              common       0000
__Lconfig              config       0000
__LcstackBANK0         cstackBANK0  0000
__LcstackCOMMON        cstackCOMMON 0000
__Leeprom_data         eeprom_data  0000
__Lend_init            end_init     0000
__Lfunctab             functab      0000
__Lidloc               idloc        0000
__Linit                init         0000
__Lintentry            intentry     0000
__Lmaintext            maintext     0000
__Lpowerup             powerup      0000
__Lram                 ram          0000
__Lreset_vec           reset_vec    0000
__Lsfr0                sfr0         0000
__Lsfr1                sfr1         0000
__Lsfr2                sfr2         0000
__Lsfr3                sfr3         0000
__Lstrings             strings      0000
__Ltext                text         0000
__S0                   (abs)        0800
__S1                   (abs)        007E
__S2                   (abs)        0000
___ftmul               text425      0712
___ftmul@cntr          cstackBANK0  003B
___ftmul@exp           cstackBANK0  0037
___ftmul@f1            cstackBANK0  002D
___ftmul@f2            cstackBANK0  0030
___ftmul@f3_as_product cstackBANK0  0038
___ftmul@sign          cstackBANK0  003C
___ftpack              text430      04A6
___ftpack@arg          cstackCOMMON 0070
___ftpack@exp          cstackCOMMON 0073
___ftpack@sign         cstackCOMMON 0074
___fttol               text429      05A5
___fttol@exp1          cstackBANK0  0029
___fttol@f1            cstackCOMMON 0078
___fttol@lval          cstackBANK0  0025
___fttol@sign1         cstackBANK0  0024
___lwdiv               text432      040A
___lwdiv@counter       cstackCOMMON 0077
___lwdiv@dividend      cstackCOMMON 0072
___lwdiv@divisor       cstackCOMMON 0070
___lwdiv@quotient      cstackCOMMON 0075
___lwmod               text431      0336
___lwmod@counter       cstackCOMMON 0075
___lwmod@dividend      cstackCOMMON 0072
___lwmod@divisor       cstackCOMMON 0070
___lwtoft              text424      0262
___lwtoft@c            cstackBANK0  002A
__end_of_DelayMs       text434      029E
__end_of_LCD_STROBE    text428      024F
__end_of___ftmul       text425      0800
__end_of___ftpack      text430      0521
__end_of___fttol       text429      064B
__end_of___lwdiv       text432      0458
__end_of___lwmod       text431      037A
__end_of___lwtoft      text424      027D
__end_of_init_adc      text433      023F
__end_of_itoa          text422      02F9
__end_of_lcd_goto      text419      040A
__end_of_lcd_init      text421      04A6
__end_of_lcd_puts      text420      02C9
__end_of_main          maintext     0712
__end_of_read_adc      text427      0336
__end_of_send          text423      03C1
__end_of_utoa          text426      05A5
__pbitbssBANK0         bitbssBANK0  0260
__pbssBANK0            bssBANK0     003E
__pcstackBANK0         cstackBANK0  0020
__pcstackCOMMON        cstackCOMMON 0070
__pmaintext            maintext     064B
__pstrings             strings      0003
__ptext418             text418      0000
__ptext419             text419      03C1
__ptext420             text420      029E
__ptext421             text421      0458
__ptext422             text422      02C9
__ptext423             text423      037A
__ptext424             text424      0262
__ptext425             text425      0712
__ptext426             text426      0521
__ptext427             text427      02F9
__ptext428             text428      023F
__ptext429             text429      05A5
__ptext430             text430      04A6
__ptext431             text431      0336
__ptext432             text432      040A
__ptext433             text433      0234
__ptext434             text434      027D
__ptext435             text435      0000
__size_of_DelayMs      (abs)        0000
__size_of_LCD_STROBE   (abs)        0000
__size_of___ftmul      (abs)        0000
__size_of___ftpack     (abs)        0000
__size_of___fttol      (abs)        0000
__size_of___lwdiv      (abs)        0000
__size_of___lwmod      (abs)        0000
__size_of___lwtoft     (abs)        0000
__size_of_init_adc     (abs)        0000
__size_of_itoa         (abs)        0000
__size_of_lcd_goto     (abs)        0000
__size_of_lcd_init     (abs)        0000
__size_of_lcd_puts     (abs)        0000
__size_of_main         (abs)        0000
__size_of_read_adc     (abs)        0000
__size_of_send         (abs)        0000
__size_of_utoa         (abs)        0000
_adc_val               bssBANK0     004A
_buf                   bssBANK0     0046
_buf1                  bssBANK0     003E
_exit                  init         0000
_init_adc              text433      0234
_itoa                  text422      02C9
_k                     bssBANK0     0042
_lcd_goto              text419      03C1
_lcd_init              text421      0458
_lcd_puts              text420      029E
_main                  maintext     064B
_mode                  bitbssBANK0  0260
_read_adc              text427      02F9
_send                  text423      037A
_utoa                  text426      0521
_v                     bssBANK0     0044
btemp                  (abs)        007E
end_of_initialization  cinit        025E
intlevel0              functab      0000
intlevel1              functab      0000
intlevel2              functab      0000
intlevel3              functab      0000
intlevel4              functab      0000
intlevel5              functab      0000
itoa@base              cstackBANK0  0026
itoa@buf               cstackBANK0  0029
itoa@cp                cstackBANK0  0028
itoa@val               cstackBANK0  0024
lcd_goto@line          cstackCOMMON 0077
lcd_goto@pos           cstackCOMMON 0076
lcd_puts@s             cstackCOMMON 0076
read_adc@adc_value     cstackCOMMON 007B
read_adc@channel       cstackCOMMON 007A
reset_vec              reset_vec    0000
send@temp              cstackCOMMON 0074
send@x                 cstackCOMMON 0075
start                  init         0000
start_initialization   cinit        024F
utoa@base              cstackCOMMON 007A
utoa@buf               cstackBANK0  0023
utoa@c                 cstackBANK0  0022
utoa@v                 cstackBANK0  0020
utoa@val               cstackCOMMON 0078
wtemp0                 (abs)        007E
