

HI-TECH Software PIC LITE Macro Assembler V9.82 build 9453 
                                                                                               Tue Aug 02 15:12:29 2016

HI-TECH Software Omniscient Code Generator (Lite mode) build 9453
     1  0000                     opt subtitle "HI-TECH Software Omniscient Code Generator (Lite mode) build 9453"
     2                           
     3                           opt pagewidth 120
     4                           
     5                           	opt lm
     6                           
     7                           	processor	16F877A
     8                           clrc	macro
     9                           	bcf	3,0
    10  0000                     	endm
    11                           clrz	macro
    12                           	bcf	3,2
    13  0000                     	endm
    14                           setc	macro
    15                           	bsf	3,0
    16  0000                     	endm
    17                           setz	macro
    18                           	bsf	3,2
    19  0000                     	endm
    20                           skipc	macro
    21                           	btfss	3,0
    22  0000                     	endm
    23                           skipz	macro
    24                           	btfss	3,2
    25  0000                     	endm
    26                           skipnc	macro
    27                           	btfsc	3,0
    28  0000                     	endm
    29                           skipnz	macro
    30                           	btfsc	3,2
    31  0000                     	endm
    32  0000                     indf	equ	0
    33  0000                     indf0	equ	0
    34  0002                     pc	equ	2
    35  0002                     pcl	equ	2
    36  0003                     status	equ	3
    37  0004                     fsr	equ	4
    38  0004                     fsr0	equ	4
    39  0001                     c	equ	1
    40  0000                     z	equ	0
    41  000A                     pclath	equ	10
    42                           	FNCALL	_main,_led_blink
    43                           	FNCALL	_led_blink,_DelayMs
    44                           	FNROOT	_main
    45                           	global	_PORTD
    46                           psect	text83,local,class=CODE,delta=2
    47                           global __ptext83
    48  0000                     __ptext83:
    49  0008                     _PORTD	set	8
    50                           	global	_CARRY
    51  0018                     _CARRY	set	24
    52                           	global	_GIE
    53  005F                     _GIE	set	95
    54                           	global	_RD0
    55  0040                     _RD0	set	64
    56                           	global	_TRISD
    57  0088                     _TRISD	set	136
    58                           	global	_EEADR
    59  010D                     _EEADR	set	269
    60                           	global	_EEDATA
    61  010C                     _EEDATA	set	268
    62                           	global	_EECON1
    63  018C                     _EECON1	set	396
    64                           	global	_EECON2
    65  018D                     _EECON2	set	397
    66                           	global	_RD
    67  0C60                     _RD	set	3168
    68                           	global	_WR
    69  0C61                     _WR	set	3169
    70                           	global	_WREN
    71  0C62                     _WREN	set	3170
    72                           	file	"DEC.as"
    73                           	line	#
    74                           psect cinit,class=CODE,delta=2
    75                           global start_initialization
    76  07B7                     start_initialization:
    77                           
    78                           psect cinit,class=CODE,delta=2
    79                           global end_of_initialization
    80                           
    81                           ;End of C runtime variable initialization code
    82                           
    83  07B7                     end_of_initialization:
    84  07B7  0183               clrf status
    85  07B8  120A  118A  2FBB   ljmp _main	;jump to C main() function
    86                           psect	cstackCOMMON,class=COMMON,space=1
    87                           global __pcstackCOMMON
    88  0070                     __pcstackCOMMON:
    89                           	global	?_led_blink
    90  0070                     ?_led_blink:	; 0 bytes @ 0x0
    91                           	global	?_DelayMs
    92  0070                     ?_DelayMs:	; 0 bytes @ 0x0
    93                           	global	??_DelayMs
    94  0070                     ??_DelayMs:	; 0 bytes @ 0x0
    95                           	global	?_main
    96  0070                     ?_main:	; 0 bytes @ 0x0
    97  0070                     	ds	1
    98                           	global	DelayMs@cnt
    99  0071                     DelayMs@cnt:	; 1 bytes @ 0x1
   100  0071                     	ds	1
   101                           	global	DelayMs@i
   102  0072                     DelayMs@i:	; 1 bytes @ 0x2
   103  0072                     	ds	1
   104                           	global	DelayMs@_dcnt
   105  0073                     DelayMs@_dcnt:	; 1 bytes @ 0x3
   106  0073                     	ds	1
   107                           	global	??_led_blink
   108  0074                     ??_led_blink:	; 0 bytes @ 0x4
   109                           	global	??_main
   110  0074                     ??_main:	; 0 bytes @ 0x4
   111 ;;Data sizes: Strings 0, constant 0, data 0, bss 0, persistent 0 stack 0
   112 ;;Auto spaces:   Size  Autos    Used
   113 ;; COMMON          14      4       4
   114 ;; BANK0           80      0       0
   115 ;; BANK1           80      0       0
   116 ;; BANK3           96      0       0
   117 ;; BANK2           96      0       0
   118                           
   119 ;;
   120 ;; Pointer list with targets:
   121                           
   122                           
   123                           
   124 ;;
   125 ;; Critical Paths under _main in COMMON
   126 ;;
   127 ;;   _led_blink->_DelayMs
   128 ;;
   129 ;; Critical Paths under _main in BANK0
   130 ;;
   131 ;;   None.
   132 ;;
   133 ;; Critical Paths under _main in BANK1
   134 ;;
   135 ;;   None.
   136 ;;
   137 ;; Critical Paths under _main in BANK3
   138 ;;
   139 ;;   None.
   140 ;;
   141 ;; Critical Paths under _main in BANK2
   142 ;;
   143 ;;   None.
   144                           
   145 ;;
   146 ;;Main: autosize = 0, tempsize = 0, incstack = 0, save=0
   147 ;;
   148                           
   149 ;;
   150 ;;Call Graph Tables:
   151 ;;
   152 ;; ---------------------------------------------------------------------------------
   153 ;; (Depth) Function   	        Calls       Base Space   Used Autos Params    Refs
   154 ;; ---------------------------------------------------------------------------------
   155 ;; (0) _main                                                 0     0      0      45
   156 ;;                          _led_blink
   157 ;; ---------------------------------------------------------------------------------
   158 ;; (1) _led_blink                                            0     0      0      45
   159 ;;                            _DelayMs
   160 ;; ---------------------------------------------------------------------------------
   161 ;; (2) _DelayMs                                              4     4      0      45
   162 ;;                                              0 COMMON     4     4      0
   163 ;; ---------------------------------------------------------------------------------
   164 ;; Estimated maximum stack depth 2
   165 ;; ---------------------------------------------------------------------------------
   166                           
   167 ;; Call Graph Graphs:
   168                           
   169 ;; _main (ROOT)
   170 ;;   _led_blink
   171 ;;     _DelayMs
   172 ;;
   173                           
   174 ;; Address spaces:
   175                           
   176 ;;Name               Size   Autos  Total    Cost      Usage
   177 ;;BITCOMMON            E      0       0       0        0.0%
   178 ;;EEDATA             100      0       0       0        0.0%
   179 ;;NULL                 0      0       0       0        0.0%
   180 ;;CODE                 0      0       0       0        0.0%
   181 ;;COMMON               E      4       4       1       28.6%
   182 ;;BITSFR0              0      0       0       1        0.0%
   183 ;;SFR0                 0      0       0       1        0.0%
   184 ;;BITSFR1              0      0       0       2        0.0%
   185 ;;SFR1                 0      0       0       2        0.0%
   186 ;;STACK                0      0       2       2        0.0%
   187 ;;ABS                  0      0       0       3        0.0%
   188 ;;BITBANK0            50      0       0       4        0.0%
   189 ;;BITSFR3              0      0       0       4        0.0%
   190 ;;SFR3                 0      0       0       4        0.0%
   191 ;;BANK0               50      0       0       5        0.0%
   192 ;;BITSFR2              0      0       0       5        0.0%
   193 ;;SFR2                 0      0       0       5        0.0%
   194 ;;BITBANK1            50      0       0       6        0.0%
   195 ;;BANK1               50      0       0       7        0.0%
   196 ;;BITBANK3            60      0       0       8        0.0%
   197 ;;BANK3               60      0       0       9        0.0%
   198 ;;BITBANK2            60      0       0      10        0.0%
   199 ;;BANK2               60      0       0      11        0.0%
   200 ;;DATA                 0      0       0      12        0.0%
   201                           
   202                           	global	_main
   203                           psect	maintext,global,class=CODE,delta=2
   204                           global __pmaintext
   205  07BB                     __pmaintext:
   206                           
   207 ;; *************** function _main *****************
   208 ;; Defined at:
   209 ;;		line 8 in file "F:\Prolific\pic_s\pic_pgm\3    INTERFACING ONE LED  FUNCTION AND MACRO\main.c"
   210 ;; Parameters:    Size  Location     Type
   211 ;;		None
   212 ;; Auto vars:     Size  Location     Type
   213 ;;		None
   214 ;; Return value:  Size  Location     Type
   215 ;;		None               void
   216 ;; Registers used:
   217 ;;		wreg, status,2, status,0, pclath, cstack
   218 ;; Tracked objects:
   219 ;;		On entry : 17F/0
   220 ;;		On exit  : 0/0
   221 ;;		Unchanged: 0/0
   222 ;; Data sizes:     COMMON   BANK0   BANK1   BANK3   BANK2
   223 ;;      Params:         0       0       0       0       0
   224 ;;      Locals:         0       0       0       0       0
   225 ;;      Temps:          0       0       0       0       0
   226 ;;      Totals:         0       0       0       0       0
   227 ;;Total ram usage:        0 bytes
   228 ;; Hardware stack levels required when called:    2
   229 ;; This function calls:
   230 ;;		_led_blink
   231 ;; This function is called by:
   232 ;;		Startup code after reset
   233 ;; This function uses a non-reentrant model
   234 ;;
   235                           psect	maintext
   236                           	file	"F:\Prolific\pic_s\pic_pgm\3    INTERFACING ONE LED  FUNCTION AND MACRO\main.c"
   237                           	line	8
   238                           	global	__size_of_main
   239  0011                     	__size_of_main	equ	__end_of_main-_main
   240                           	
   241  07BB                     _main:	
   242                           	opt	stack 6
   243                           ; Regs used in _main: [wreg+status,2+status,0+pclath+cstack]
   244                           	line	9
   245                           	
   246  07BB                     l2638:	
   247                           ;main.c: 9: TRISD=0x00;
   248  07BB  1683               	bsf	status, 5	;RP0=1, select bank1
   249  07BC  1303               	bcf	status, 6	;RP1=0, select bank1
   250  07BD  0188               	clrf	(136)^080h	;volatile
   251                           	line	10
   252                           ;main.c: 10: PORTD=0x00;
   253  07BE  1283               	bcf	status, 5	;RP0=0, select bank0
   254  07BF  1303               	bcf	status, 6	;RP1=0, select bank0
   255  07C0  0188               	clrf	(8)	;volatile
   256  07C1  2FC2               	goto	l2640
   257                           	line	12
   258                           ;main.c: 12: while(1)
   259                           	
   260  07C2                     l705:	
   261                           	line	15
   262                           	
   263  07C2                     l2640:	
   264                           ;main.c: 13: {
   265                           ;main.c: 15: led_blink();
   266  07C2  120A  118A  27CC   	fcall	_led_blink
              120A  118A         
   267  07C7  2FC2               	goto	l2640
   268                           	line	17
   269                           	
   270  07C8                     l706:	
   271                           	line	12
   272  07C8  2FC2               	goto	l2640
   273                           	
   274  07C9                     l707:	
   275                           	line	18
   276                           	
   277  07C9                     l708:	
   278                           	global	start
   279  07C9  120A  118A  2800   	ljmp	start
   280                           	opt stack 0
   281                           GLOBAL	__end_of_main
   282  07CC                     	__end_of_main:
   283 ;; =============== function _main ends ============
   284                           
   285                           	signat	_main,88
   286                           	global	_led_blink
   287                           psect	text84,local,class=CODE,delta=2
   288                           global __ptext84
   289  07CC                     __ptext84:
   290                           
   291 ;; *************** function _led_blink *****************
   292 ;; Defined at:
   293 ;;		line 21 in file "F:\Prolific\pic_s\pic_pgm\3    INTERFACING ONE LED  FUNCTION AND MACRO\main.c"
   294 ;; Parameters:    Size  Location     Type
   295 ;;		None
   296 ;; Auto vars:     Size  Location     Type
   297 ;;		None
   298 ;; Return value:  Size  Location     Type
   299 ;;		None               void
   300 ;; Registers used:
   301 ;;		wreg, status,2, status,0, pclath, cstack
   302 ;; Tracked objects:
   303 ;;		On entry : 0/0
   304 ;;		On exit  : 0/0
   305 ;;		Unchanged: 0/0
   306 ;; Data sizes:     COMMON   BANK0   BANK1   BANK3   BANK2
   307 ;;      Params:         0       0       0       0       0
   308 ;;      Locals:         0       0       0       0       0
   309 ;;      Temps:          0       0       0       0       0
   310 ;;      Totals:         0       0       0       0       0
   311 ;;Total ram usage:        0 bytes
   312 ;; Hardware stack levels used:    1
   313 ;; Hardware stack levels required when called:    1
   314 ;; This function calls:
   315 ;;		_DelayMs
   316 ;; This function is called by:
   317 ;;		_main
   318 ;; This function uses a non-reentrant model
   319 ;;
   320                           psect	text84
   321                           	file	"F:\Prolific\pic_s\pic_pgm\3    INTERFACING ONE LED  FUNCTION AND MACRO\main.c"
   322                           	line	21
   323                           	global	__size_of_led_blink
   324  0013                     	__size_of_led_blink	equ	__end_of_led_blink-_led_blink
   325                           	
   326  07CC                     _led_blink:	
   327                           	opt	stack 6
   328                           ; Regs used in _led_blink: [wreg+status,2+status,0+pclath+cstack]
   329                           	line	23
   330                           	
   331  07CC                     l2632:	
   332                           ;main.c: 23: RD0=1;
   333  07CC  1283               	bcf	status, 5	;RP0=0, select bank0
   334  07CD  1303               	bcf	status, 6	;RP1=0, select bank0
   335  07CE  1408               	bsf	(64/8),(64)&7
   336                           	line	24
   337                           	
   338  07CF                     l2634:	
   339                           ;main.c: 24: DelayMs(55);
   340  07CF  3037               	movlw	(037h)
   341  07D0  120A  118A  27DF   	fcall	_DelayMs
              120A  118A         
   342                           	line	25
   343                           	
   344  07D5                     l2636:	
   345                           ;main.c: 25: RD0=0;
   346  07D5  1283               	bcf	status, 5	;RP0=0, select bank0
   347  07D6  1303               	bcf	status, 6	;RP1=0, select bank0
   348  07D7  1008               	bcf	(64/8),(64)&7
   349                           	line	26
   350                           ;main.c: 26: DelayMs(55);
   351  07D8  3037               	movlw	(037h)
   352  07D9  120A  118A  27DF   	fcall	_DelayMs
              120A  118A         
   353                           	line	28
   354                           	
   355  07DE                     l711:	
   356  07DE  0008               	return
   357                           	opt stack 0
   358                           GLOBAL	__end_of_led_blink
   359  07DF                     	__end_of_led_blink:
   360 ;; =============== function _led_blink ends ============
   361                           
   362                           	signat	_led_blink,88
   363                           	global	_DelayMs
   364                           psect	text85,local,class=CODE,delta=2
   365                           global __ptext85
   366  07DF                     __ptext85:
   367                           
   368 ;; *************** function _DelayMs *****************
   369 ;; Defined at:
   370 ;;		line 12 in file "F:\Prolific\pic_s\pic_pgm\3    INTERFACING ONE LED  FUNCTION AND MACRO\delay.c"
   371 ;; Parameters:    Size  Location     Type
   372 ;;  cnt             1    wreg     unsigned char 
   373 ;; Auto vars:     Size  Location     Type
   374 ;;  cnt             1    1[COMMON] unsigned char 
   375 ;;  _dcnt           1    3[COMMON] unsigned char 
   376 ;;  i               1    2[COMMON] unsigned char 
   377 ;; Return value:  Size  Location     Type
   378 ;;		None               void
   379 ;; Registers used:
   380 ;;		wreg, status,2, status,0
   381 ;; Tracked objects:
   382 ;;		On entry : 0/0
   383 ;;		On exit  : 0/0
   384 ;;		Unchanged: 0/0
   385 ;; Data sizes:     COMMON   BANK0   BANK1   BANK3   BANK2
   386 ;;      Params:         0       0       0       0       0
   387 ;;      Locals:         3       0       0       0       0
   388 ;;      Temps:          1       0       0       0       0
   389 ;;      Totals:         4       0       0       0       0
   390 ;;Total ram usage:        4 bytes
   391 ;; Hardware stack levels used:    1
   392 ;; This function calls:
   393 ;;		Nothing
   394 ;; This function is called by:
   395 ;;		_led_blink
   396 ;;		_delay
   397 ;; This function uses a non-reentrant model
   398 ;;
   399                           psect	text85
   400                           	file	"F:\Prolific\pic_s\pic_pgm\3    INTERFACING ONE LED  FUNCTION AND MACRO\delay.c"
   401                           	line	12
   402                           	global	__size_of_DelayMs
   403  0021                     	__size_of_DelayMs	equ	__end_of_DelayMs-_DelayMs
   404                           	
   405  07DF                     _DelayMs:	
   406                           	opt	stack 6
   407                           ; Regs used in _DelayMs: [wreg+status,2+status,0]
   408                           ;DelayMs@cnt stored from wreg
   409  07DF  00F1               	movwf	(DelayMs@cnt)
   410                           	line	21
   411                           ;delay.c: 20: unsigned char i;
   412                           ;delay.c: 21: do {
   413                           	
   414  07E0                     l3:	
   415                           	line	22
   416                           	
   417  07E0                     l1758:	
   418                           ;delay.c: 22: i = 4;
   419  07E0  3004               	movlw	(04h)
   420  07E1  00F0               	movwf	(??_DelayMs+0)+0
   421  07E2  0870               	movf	(??_DelayMs+0)+0,w
   422  07E3  00F2               	movwf	(DelayMs@i)
   423                           	line	23
   424                           ;delay.c: 23: do {
   425                           	
   426  07E4                     l4:	
   427                           	line	24
   428                           ;delay.c: 24: { unsigned char _dcnt; _dcnt = (250)/((12*1000L)/(4*1000L))|1; while(--_dc
                                 nt != 0) continue; };
   429  07E4  3053               	movlw	(053h)
   430  07E5  00F0               	movwf	(??_DelayMs+0)+0
   431  07E6  0870               	movf	(??_DelayMs+0)+0,w
   432  07E7  00F3               	movwf	(DelayMs@_dcnt)
   433  07E8  2FEA               	goto	l1760
   434                           	
   435  07E9                     l6:	
   436  07E9  2FEA               	goto	l1760
   437                           	
   438  07EA                     l5:	
   439                           	
   440  07EA                     l1760:	
   441  07EA  3001               	movlw	low(01h)
   442  07EB  02F3               	subwf	(DelayMs@_dcnt),f
   443  07EC  1D03               	btfss	status,2
   444  07ED  2FEF               	goto	u11
   445  07EE  2FF0               	goto	u10
   446  07EF                     u11:
   447  07EF  2FEA               	goto	l1760
   448  07F0                     u10:
   449  07F0  2FF1               	goto	l1762
   450                           	
   451  07F1                     l7:	
   452                           	line	25
   453                           	
   454  07F1                     l1762:	
   455                           ;delay.c: 25: } while(--i);
   456  07F1  3001               	movlw	low(01h)
   457  07F2  02F2               	subwf	(DelayMs@i),f
   458  07F3  1D03               	btfss	status,2
   459  07F4  2FF6               	goto	u21
   460  07F5  2FF7               	goto	u20
   461  07F6                     u21:
   462  07F6  2FE4               	goto	l4
   463  07F7                     u20:
   464  07F7  2FF8               	goto	l1764
   465                           	
   466  07F8                     l8:	
   467                           	line	26
   468                           	
   469  07F8                     l1764:	
   470                           ;delay.c: 26: } while(--cnt);
   471  07F8  3001               	movlw	low(01h)
   472  07F9  02F1               	subwf	(DelayMs@cnt),f
   473  07FA  1D03               	btfss	status,2
   474  07FB  2FFD               	goto	u31
   475  07FC  2FFE               	goto	u30
   476  07FD                     u31:
   477  07FD  2FE0               	goto	l3
   478  07FE                     u30:
   479  07FE  2FFF               	goto	l10
   480                           	
   481  07FF                     l9:	
   482                           	line	28
   483                           	
   484  07FF                     l10:	
   485  07FF  0008               	return
   486                           	opt stack 0
   487                           GLOBAL	__end_of_DelayMs
   488  0800                     	__end_of_DelayMs:
   489 ;; =============== function _DelayMs ends ============
   490                           
   491                           	signat	_DelayMs,4216
   492                           psect	text86,local,class=CODE,delta=2
   493                           global __ptext86
   494  0000                     __ptext86:
   495                           	global	btemp
   496  007E                     	btemp set 07Eh
   497                           
   498                           	DABS	1,126,2	;btemp
   499                           	global	wtemp0
   500  007E                     	wtemp0 set btemp


HI-TECH Software PICC Macro Assembler V9.82 build 9453 
Symbol Table                                                                                   Tue Aug 02 15:12:29 2016

                   l3 07E0                     l4 07E4                     l5 07EA                     l6 07E9  
                   l7 07F1                     l8 07F8                     l9 07FF                    l10 07FF  
                  _RD 0C60                    u10 07F0                    u11 07EF                    u20 07F7  
                  u21 07F6                    u30 07FE                    u31 07FD                    _WR 0C61  
                 l711 07DE                   l705 07C2                   l706 07C8                   l707 07C9  
                 l708 07C9                   _GIE 005F                   _RD0 0040                  l1760 07EA  
                l2632 07CC                  l2640 07C2                  l1762 07F1                  l2634 07CF  
                l1764 07F8                  l2636 07D5                  l1758 07E0                  l2638 07BB  
                _WREN 0C62                  _main 07BB                  btemp 007E                  start 0000  
     __end_of_DelayMs 0800                 ?_main 0070                 _EEADR 010D                 _CARRY 0018  
               _PORTD 0008                 _TRISD 0088                 status 0003                 wtemp0 007E  
        __end_of_main 07CC                ??_main 0074                _EEDATA 010C                _EECON1 018C  
              _EECON2 018D             ??_DelayMs 0070        __pcstackCOMMON 0070    __size_of_led_blink 0013  
          __pmaintext 07BB               _DelayMs 07DF     __end_of_led_blink 07DF  end_of_initialization 07B7  
        DelayMs@_dcnt 0073   start_initialization 07B7              ?_DelayMs 0070             _led_blink 07CC  
            DelayMs@i 0072            ?_led_blink 0070      __size_of_DelayMs 0021              __ptext83 0000  
            __ptext84 07CC              __ptext85 07DF              __ptext86 0000         __size_of_main 0011  
         ??_led_blink 0074            DelayMs@cnt 0071  
