HI-TECH Software C Compiler 

Linker command line:

--edf=C:\Program Files (x86)\HI-TECH Software\PICC\9.71a\dat\en_msgs.txt \
  -cs -h+adc.sym -z -Q16F877A -ol.obj -Madc.map -E1 -ACONST=00h-0FFhx32 \
  -ACODE=00h-07FFhx4 -ASTRCODE=00h-01FFFh -AENTRY=00h-0FFhx32 \
  -ASTRING=00h-0FFhx32 -ABANK0=020h-06Fh -ABANK1=0A0h-0EFh \
  -ABANK2=0110h-016Fh -ABANK3=0190h-01EFh \
  -ARAM=020h-06Fh,0A0h-0EFh,0110h-016Fh,0190h-01EFh \
  -AABS1=020h-07Fh,0A0h-0EFh,0110h-016Fh,0190h-01EFh -ACOMMON=070h-07Fh \
  -ASFR0=00h-01Fh -ASFR1=080h-09Fh -ASFR2=0100h-010Fh -ASFR3=0180h-018Fh \
  -preset_vec=00h,intentry,init,end_init -ppowerup=CODE -pfunctab=CODE \
  -ACONFIG=02007h-02007h -pconfig=CONFIG -DCONFIG=2 -AIDLOC=02000h-02003h \
  -pidloc=IDLOC -DIDLOC=2 -AEEDATA=00h-0FFh/02100h -peeprom_data=EEDATA \
  -DEEDATA=2 -DCODE=2 -DSTRCODE=2 -DSTRING=2 -DCONST=2 -DENTRY=2 -k \
  startup.obj adc.obj 

Object code version is 3.10

Machine type is 16F877A



                Name                               Link     Load   Length Selector   Space Scale
startup.obj     end_init                              0        0        3        0       0
adc.obj         text256                             590      590        9      B20       0
                text255                             5DC      5DC       1D      BB8       0
                text254                             5A4      5A4       1C      B48       0
                text253                             599      599        B      B32       0
                text252                             621      621       29      C42       0
                text251                             67C      67C       49      CF8       0
                text250                             64A      64A       32      C94       0
                text249                             5C0      5C0       1C      B80       0
                text248                             5F9      5F9       28      BF2       0
                maintext                            6C5      6C5      13B      D8A       0
                cstackBANK0                          2A       2A        6       20       1
                cstackCOMMON                         70       70        E       70       1
                bitbssBANK0                         180       30        4       20       1     8
                cinit                               58B      58B        5      B16       0
                strings                               3        3        B        6       0
                nvBANK0                              20       20        A       20       1

TOTAL           Name                               Link     Load   Length     Space
        CLASS   CONST          

        CLASS   CODE           
                end_init                              0        0        3         0
                text256                             590      590        9         0
                text255                             5DC      5DC       1D         0
                text254                             5A4      5A4       1C         0
                text253                             599      599        B         0
                text252                             621      621       29         0
                text251                             67C      67C       49         0
                text250                             64A      64A       32         0
                text249                             5C0      5C0       1C         0
                text248                             5F9      5F9       28         0
                maintext                            6C5      6C5      13B         0
                cinit                               58B      58B        5         0

        CLASS   STRCODE        

        CLASS   ENTRY          

        CLASS   STRING         
                strings                               3        3        B         0

        CLASS   BANK0          
                cstackBANK0                          2A       2A        6         1
                bitbssBANK0                         180       30        4         1
                nvBANK0                              20       20        A         1

        CLASS   BANK1          

        CLASS   BANK2          

        CLASS   BANK3          

        CLASS   RAM            

        CLASS   ABS1           
                abs_s1                               7E       7E        2         1

        CLASS   COMMON         
                cstackCOMMON                         70       70        E         1

        CLASS   SFR0           

        CLASS   SFR1           

        CLASS   SFR2           

        CLASS   SFR3           

        CLASS   CONFIG         

        CLASS   IDLOC          

        CLASS   EEDATA         



SEGMENTS        Name                           Load    Length   Top    Selector   Space  Class     Delta

                reset_vec                      000000  000003  000003         0       0  CODE        2
                strings                        000003  00000B  00000E         6       0  STRING      2
                nvBANK0                        000020  000011  000031        20       1  BANK0       1
                cstackCOMMON                   000070  00000E  00007E        70       1  COMMON      1
                cinit                          00058B  000005  000590       B16       0  CODE        2
                text256                        000590  000009  000599       B20       0  CODE        2
                text253                        000599  00000B  0005A4       B32       0  CODE        2
                text254                        0005A4  00001C  0005C0       B48       0  CODE        2
                text249                        0005C0  00001C  0005DC       B80       0  CODE        2
                text255                        0005DC  00001D  0005F9       BB8       0  CODE        2
                text248                        0005F9  000028  000621       BF2       0  CODE        2
                text252                        000621  000029  00064A       C42       0  CODE        2
                text250                        00064A  000032  00067C       C94       0  CODE        2
                text251                        00067C  000049  0006C5       CF8       0  CODE        2
                maintext                       0006C5  00013B  000800       D8A       0  CODE        2


UNUSED ADDRESS RANGES

        Name                Unused          Largest block    Delta
        BANK0            0031-006F             3F           1
        BANK1            00A0-00EF             50           1
        BANK2            0110-016F             60           1
        BANK3            0190-01EF             60           1
        CODE             000E-058A            57D           2
                         0800-1FFF            800
        CONFIG           2007-2007              1           2
        CONST            000E-058A            100           2
                         0800-1FFF            100
        EEDATA           2100-21FF            100           2
        ENTRY            000E-058A            100           2
                         0800-1FFF            100
        IDLOC            2000-2003              4           2
        RAM              0031-006F             3F           1
                         00A0-00EF             50
                         0110-016F             60
                         0190-01EF             60
        SFR0             0000-001F             20           1
        SFR1             0080-009F             20           1
        SFR2             0100-010F             10           1
        SFR3             0180-018F             10           1
        STRCODE          000E-058A            57D           2
                         0800-1FFF           1800
        STRING           000E-058A            100           2
                         0800-1FFF            100

                                  Symbol Table

??_DelayMs            cstackCOMMON 0070
??___lwdiv            cstackCOMMON 007A
??___wmul             cstackCOMMON 0074
??_adc_init           cstackCOMMON 0070
??_delay              cstackCOMMON 0076
??_main               cstackBANK0  002A
??_read_adc           cstackCOMMON 0072
??_sci_init           cstackCOMMON 0072
??_sci_putch          cstackCOMMON 0070
??_sci_puts           cstackCOMMON 0071
?_DelayMs             cstackCOMMON 0070
?___lwdiv             cstackCOMMON 0076
?___wmul              cstackCOMMON 0070
?_adc_init            cstackCOMMON 0070
?_delay               cstackCOMMON 0074
?_main                cstackCOMMON 0070
?_read_adc            cstackCOMMON 0070
?_sci_init            cstackCOMMON 0070
?_sci_putch           cstackCOMMON 0070
?_sci_puts            cstackCOMMON 0070
DelayMs@_dcnt         cstackCOMMON 0073
DelayMs@cnt           cstackCOMMON 0071
DelayMs@i             cstackCOMMON 0072
_ADCON0               (abs)        001F
_ADCON1               (abs)        009F
_ADC_value            nvBANK0      0020
_ADGO                 (abs)        00FA
_ADIF                 (abs)        0066
_ADON                 (abs)        00F8
_ADRESH               (abs)        001E
_BRGH                 (abs)        04C2
_CREN                 (abs)        00C4
_DelayMs              text255      05DC
_OERR                 (abs)        00C1
_PORTD                (abs)        0008
_RCIE                 (abs)        0465
_RCIF                 (abs)        0065
_RCREG                (abs)        001A
_RD2                  (abs)        0042
_RD3                  (abs)        0043
_RX9                  (abs)        00C6
_SPBRG                (abs)        0099
_SPEN                 (abs)        00C7
_SYNC                 (abs)        04C4
_TRISD                (abs)        0088
_TX9                  (abs)        04C6
_TXEN                 (abs)        04C5
_TXIE                 (abs)        0464
_TXIF                 (abs)        0064
_TXREG                (abs)        0019
__Habs1               abs1         0000
__Hbank0              bank0        0000
__Hbank1              bank1        0000
__Hbank2              bank2        0000
__Hbank3              bank3        0000
__HbitbssBANK0        bitbssBANK0  0000
__Hcinit              cinit        0000
__Hclrtext            clrtext      0000
__Hcode               code         0000
__Hcommon             common       0000
__Hconfig             config       0000
__HcstackBANK0        cstackBANK0  0000
__HcstackCOMMON       cstackCOMMON 0000
__Heeprom_data        eeprom_data  0000
__Hend_init           end_init     0003
__Hfunctab            functab      0000
__Hidloc              idloc        0000
__Hinit               init         0000
__Hintentry           intentry     0000
__Hmaintext           maintext     0000
__HnvBANK0            nvBANK0      0000
__Hpowerup            powerup      0000
__Hram                ram          0000
__Hreset_vec          reset_vec    0000
__Hsfr0               sfr0         0000
__Hsfr1               sfr1         0000
__Hsfr2               sfr2         0000
__Hsfr3               sfr3         0000
__Hstrings            strings      0000
__Htext               text         0000
__Labs1               abs1         0000
__Lbank0              bank0        0000
__Lbank1              bank1        0000
__Lbank2              bank2        0000
__Lbank3              bank3        0000
__LbitbssBANK0        bitbssBANK0  0000
__Lcinit              cinit        0000
__Lclrtext            clrtext      0000
__Lcode               code         0000
__Lcommon             common       0000
__Lconfig             config       0000
__LcstackBANK0        cstackBANK0  0000
__LcstackCOMMON       cstackCOMMON 0000
__Leeprom_data        eeprom_data  0000
__Lend_init           end_init     0000
__Lfunctab            functab      0000
__Lidloc              idloc        0000
__Linit               init         0000
__Lintentry           intentry     0000
__Lmaintext           maintext     0000
__LnvBANK0            nvBANK0      0000
__Lpowerup            powerup      0000
__Lram                ram          0000
__Lreset_vec          reset_vec    0000
__Lsfr0               sfr0         0000
__Lsfr1               sfr1         0000
__Lsfr2               sfr2         0000
__Lsfr3               sfr3         0000
__Lstrings            strings      0000
__Ltext               text         0000
__S0                  (abs)        0800
__S1                  (abs)        007E
__S2                  (abs)        0000
___lwdiv              text251      067C
___lwdiv@counter      cstackCOMMON 007D
___lwdiv@dividend     cstackCOMMON 0078
___lwdiv@divisor      cstackCOMMON 0076
___lwdiv@quotient     cstackCOMMON 007B
___wmul               text252      0621
___wmul@multiplicand  cstackCOMMON 0072
___wmul@multiplier    cstackCOMMON 0070
___wmul@product       cstackCOMMON 0074
__end_of_DelayMs      text255      05F9
__end_of___lwdiv      text251      06C5
__end_of___wmul       text252      064A
__end_of_adc_init     text256      0599
__end_of_delay        text249      05DC
__end_of_main         maintext     0800
__end_of_read_adc     text250      067C
__end_of_sci_init     text254      05C0
__end_of_sci_putch    text253      05A4
__end_of_sci_puts     text248      0621
__pbitbssBANK0        bitbssBANK0  0180
__pcstackBANK0        cstackBANK0  002A
__pcstackCOMMON       cstackCOMMON 0070
__pmaintext           maintext     06C5
__pnvBANK0            nvBANK0      0020
__pstrings            strings      0003
__ptext248            text248      05F9
__ptext249            text249      05C0
__ptext250            text250      064A
__ptext251            text251      067C
__ptext252            text252      0621
__ptext253            text253      0599
__ptext254            text254      05A4
__ptext255            text255      05DC
__ptext256            text256      0590
__ptext257            text257      0000
__size_of_DelayMs     (abs)        0000
__size_of___lwdiv     (abs)        0000
__size_of___wmul      (abs)        0000
__size_of_adc_init    (abs)        0000
__size_of_delay       (abs)        0000
__size_of_main        (abs)        0000
__size_of_read_adc    (abs)        0000
__size_of_sci_init    (abs)        0000
__size_of_sci_putch   (abs)        0000
__size_of_sci_puts    (abs)        0000
_adc_init             text256      0590
_chs0                 bitbssBANK0  0180
_chs1                 bitbssBANK0  0181
_chs2                 bitbssBANK0  0182
_delay                text249      05C0
_digit1               nvBANK0      0022
_digit2               nvBANK0      0024
_digit3               nvBANK0      0026
_digit4               nvBANK0      0028
_exit                 init         0000
_main                 maintext     06C5
_mode                 bitbssBANK0  0183
_read_adc             text250      064A
_sci_init             text254      05A4
_sci_putch            text253      0599
_sci_puts             text248      05F9
btemp                 (abs)        007E
delay@dly             cstackCOMMON 0074
delay@dly1            cstackCOMMON 0076
end_of_initialization cinit        058C
intlevel0             functab      0000
intlevel1             functab      0000
intlevel2             functab      0000
intlevel3             functab      0000
intlevel4             functab      0000
intlevel5             functab      0000
read_adc@chnl         cstackCOMMON 0074
reset_vec             reset_vec    0000
sci_init@bd_rt        cstackCOMMON 0070
sci_putch@byte        cstackCOMMON 0070
sci_puts@aa           cstackCOMMON 0073
start                 init         0000
start_initialization  cinit        058B
wtemp0                (abs)        007E
