HI-TECH Software C Compiler 

Linker command line:

--edf=C:\Program Files (x86)\HI-TECH Software\PICC\9.82\dat\en_msgs.txt -cs \
  -h+4x4 pts.sym -z -Q16F877A -ol.obj -M4x4 pts.map -E1 -ACONST=00h-0FFhx32 \
  -ACODE=00h-07FFhx4 -ASTRCODE=00h-01FFFh -AENTRY=00h-0FFhx32 \
  -ASTRING=00h-0FFhx32 -ABANK0=020h-06Fh -ABANK1=0A0h-0EFh \
  -ABANK2=0110h-016Fh -ABANK3=0190h-01EFh \
  -ARAM=020h-06Fh,0A0h-0EFh,0110h-016Fh,0190h-01EFh \
  -AABS1=020h-07Fh,0A0h-0EFh,0110h-016Fh,0190h-01EFh -ACOMMON=070h-07Fh \
  -ASFR0=00h-01Fh -ASFR1=080h-09Fh -ASFR2=0100h-010Fh -ASFR3=0180h-018Fh \
  -preset_vec=00h,intentry,init,end_init -ppowerup=CODE -pfunctab=CODE \
  -ACONFIG=02007h-02007h -pconfig=CONFIG -DCONFIG=2 -AIDLOC=02000h-02003h \
  -pidloc=IDLOC -DIDLOC=2 -AEEDATA=00h-0FFh/02100h -peeprom_data=EEDATA \
  -DEEDATA=2 -DCODE=2 -DSTRCODE=2 -DSTRING=2 -DCONST=2 -DENTRY=2 -k \
  startup.obj 4x4 pts.obj 

Object code version is 3.10

Machine type is 16F877A



                Name                               Link     Load   Length Selector   Space Scale
startup.obj     end_init                              0        0        3        0       0
4x4 pts.obj     text156                             5FF      5FF       21      BFE       0
                text155                             75F      75F       A1      EBE       0
                text154                             5EF      5EF       10      BDE       0
                text153                             681      681       47      D02       0
                text152                             6C8      6C8       4A      D90       0
                text151                             620      620       22      C40       0
                text150                             5DE      5DE        8      BBC       0
                text149                             5E6      5E6        9      BCC       0
                text148                             642      642       3F      C84       0
                maintext                            712      712       4D      E24       0
                cstackCOMMON                         70       70        9       70       1
                bssCOMMON                            7A       7A        1       70       1
                bitbssCOMMON                        3C8       79        1       70       1     8
                cinit                               5D8      5D8        6      BB0       0
                strings                               3        3       14        6       0

TOTAL           Name                               Link     Load   Length     Space
        CLASS   CONST          

        CLASS   CODE           
                end_init                              0        0        3         0
                text156                             5FF      5FF       21         0
                text155                             75F      75F       A1         0
                text154                             5EF      5EF       10         0
                text153                             681      681       47         0
                text152                             6C8      6C8       4A         0
                text151                             620      620       22         0
                text150                             5DE      5DE        8         0
                text149                             5E6      5E6        9         0
                text148                             642      642       3F         0
                maintext                            712      712       4D         0
                cinit                               5D8      5D8        6         0

        CLASS   STRCODE        

        CLASS   ENTRY          

        CLASS   STRING         
                strings                               3        3       14         0

        CLASS   BANK0          

        CLASS   BANK1          

        CLASS   BANK2          

        CLASS   BANK3          

        CLASS   RAM            

        CLASS   ABS1           
                abs_s1                               7E       7E        2         1

        CLASS   COMMON         
                cstackCOMMON                         70       70        9         1
                bssCOMMON                            7A       7A        1         1
                bitbssCOMMON                        3C8       79        1         1

        CLASS   SFR0           

        CLASS   SFR1           

        CLASS   SFR2           

        CLASS   SFR3           

        CLASS   CONFIG         

        CLASS   IDLOC          

        CLASS   EEDATA         



SEGMENTS        Name                           Load    Length   Top    Selector   Space  Class     Delta

                reset_vec                      000000  000003  000003         0       0  CODE        2
                strings                        000003  000014  000017         6       0  STRING      2
                cstackCOMMON                   000070  00000B  00007B        70       1  COMMON      1
                cinit                          0005D8  000006  0005DE       BB0       0  CODE        2
                text150                        0005DE  000008  0005E6       BBC       0  CODE        2
                text149                        0005E6  000009  0005EF       BCC       0  CODE        2
                text154                        0005EF  000010  0005FF       BDE       0  CODE        2
                text156                        0005FF  000021  000620       BFE       0  CODE        2
                text151                        000620  000022  000642       C40       0  CODE        2
                text148                        000642  00003F  000681       C84       0  CODE        2
                text153                        000681  000047  0006C8       D02       0  CODE        2
                text152                        0006C8  00004A  000712       D90       0  CODE        2
                maintext                       000712  00004D  00075F       E24       0  CODE        2
                text155                        00075F  0000A1  000800       EBE       0  CODE        2


UNUSED ADDRESS RANGES

        Name                Unused          Largest block    Delta
        BANK0            0020-006F             50           1
        BANK1            00A0-00EF             50           1
        BANK2            0110-016F             60           1
        BANK3            0190-01EF             60           1
        CODE             0017-05D7            5C1           2
                         0800-1FFF            800
        COMMON           007B-007D              3           1
        CONFIG           2007-2007              1           2
        CONST            0017-05D7            100           2
                         0800-1FFF            100
        EEDATA           2100-21FF            100           2
        ENTRY            0017-05D7            100           2
                         0800-1FFF            100
        IDLOC            2000-2003              4           2
        RAM              0020-006F             50           1
                         00A0-00EF             50
                         0110-016F             60
                         0190-01EF             60
        SFR0             0000-001F             20           1
        SFR1             0080-009F             20           1
        SFR2             0100-010F             10           1
        SFR3             0180-018F             10           1
        STRCODE          0017-05D7            5C1           2
                         0800-1FFF           1800
        STRING           0017-05D7            100           2
                         0800-1FFF            100

                                  Symbol Table

??_DelayMs            cstackCOMMON 0070
??_LCD_STROBE         cstackCOMMON 0070
??_lcd_clear          cstackCOMMON 0076
??_lcd_goto           cstackCOMMON 0077
??_lcd_init           cstackCOMMON 0076
??_lcd_putch          cstackCOMMON 0076
??_lcd_puts           cstackCOMMON 0076
??_main               cstackCOMMON 0078
??_read_keypad        cstackCOMMON 0070
??_send               cstackCOMMON 0072
?_DelayMs             cstackCOMMON 0070
?_LCD_STROBE          cstackCOMMON 0070
?_lcd_clear           cstackCOMMON 0070
?_lcd_goto            cstackCOMMON 0076
?_lcd_init            cstackCOMMON 0070
?_lcd_putch           cstackCOMMON 0070
?_lcd_puts            cstackCOMMON 0070
?_main                cstackCOMMON 0070
?_read_keypad         cstackCOMMON 0070
?_send                cstackCOMMON 0070
DelayMs@_dcnt         cstackCOMMON 0073
DelayMs@cnt           cstackCOMMON 0071
DelayMs@i             cstackCOMMON 0072
_CARRY                (abs)        0018
_DelayMs              text156      05FF
_EEADR                (abs)        010D
_EECON1               (abs)        018C
_EECON2               (abs)        018D
_EEDATA               (abs)        010C
_GIE                  (abs)        005F
_LCD_STROBE           text154      05EF
_PORTB                (abs)        0006
_PORTD                (abs)        0008
_RB0                  (abs)        0030
_RB1                  (abs)        0031
_RB2                  (abs)        0032
_RB3                  (abs)        0033
_RB4                  (abs)        0034
_RB5                  (abs)        0035
_RB6                  (abs)        0036
_RB7                  (abs)        0037
_RD                   (abs)        0C60
_RD2                  (abs)        0042
_RD3                  (abs)        0043
_TRISB                (abs)        0086
_TRISD                (abs)        0088
_WR                   (abs)        0C61
_WREN                 (abs)        0C62
__Habs1               abs1         0000
__Hbank0              bank0        0000
__Hbank1              bank1        0000
__Hbank2              bank2        0000
__Hbank3              bank3        0000
__HbitbssCOMMON       bitbssCOMMON 0000
__HbssCOMMON          bssCOMMON    0000
__Hcinit              cinit        0000
__Hclrtext            clrtext      0000
__Hcode               code         0000
__Hcommon             common       0000
__Hconfig             config       0000
__HcstackCOMMON       cstackCOMMON 0000
__Heeprom_data        eeprom_data  0000
__Hend_init           end_init     0003
__Hfunctab            functab      0000
__Hidloc              idloc        0000
__Hinit               init         0000
__Hintentry           intentry     0000
__Hmaintext           maintext     0000
__Hpowerup            powerup      0000
__Hram                ram          0000
__Hreset_vec          reset_vec    0000
__Hsfr0               sfr0         0000
__Hsfr1               sfr1         0000
__Hsfr2               sfr2         0000
__Hsfr3               sfr3         0000
__Hstrings            strings      0000
__Htext               text         0000
__Labs1               abs1         0000
__Lbank0              bank0        0000
__Lbank1              bank1        0000
__Lbank2              bank2        0000
__Lbank3              bank3        0000
__LbitbssCOMMON       bitbssCOMMON 0000
__LbssCOMMON          bssCOMMON    0000
__Lcinit              cinit        0000
__Lclrtext            clrtext      0000
__Lcode               code         0000
__Lcommon             common       0000
__Lconfig             config       0000
__LcstackCOMMON       cstackCOMMON 0000
__Leeprom_data        eeprom_data  0000
__Lend_init           end_init     0000
__Lfunctab            functab      0000
__Lidloc              idloc        0000
__Linit               init         0000
__Lintentry           intentry     0000
__Lmaintext           maintext     0000
__Lpowerup            powerup      0000
__Lram                ram          0000
__Lreset_vec          reset_vec    0000
__Lsfr0               sfr0         0000
__Lsfr1               sfr1         0000
__Lsfr2               sfr2         0000
__Lsfr3               sfr3         0000
__Lstrings            strings      0000
__Ltext               text         0000
__S0                  (abs)        0800
__S1                  (abs)        007B
__S2                  (abs)        0000
__end_of_DelayMs      text156      0620
__end_of_LCD_STROBE   text154      05FF
__end_of_lcd_clear    text150      05E6
__end_of_lcd_goto     text148      0681
__end_of_lcd_init     text152      0712
__end_of_lcd_putch    text149      05EF
__end_of_lcd_puts     text151      0642
__end_of_main         maintext     075F
__end_of_read_keypad  text155      0800
__end_of_send         text153      06C8
__pbitbssCOMMON       bitbssCOMMON 03C8
__pbssCOMMON          bssCOMMON    007A
__pcstackCOMMON       cstackCOMMON 0070
__pmaintext           maintext     0712
__pstrings            strings      0003
__ptext147            text147      0000
__ptext148            text148      0642
__ptext149            text149      05E6
__ptext150            text150      05DE
__ptext151            text151      0620
__ptext152            text152      06C8
__ptext153            text153      0681
__ptext154            text154      05EF
__ptext155            text155      075F
__ptext156            text156      05FF
__ptext157            text157      0000
__size_of_DelayMs     (abs)        0000
__size_of_LCD_STROBE  (abs)        0000
__size_of_lcd_clear   (abs)        0000
__size_of_lcd_goto    (abs)        0000
__size_of_lcd_init    (abs)        0000
__size_of_lcd_putch   (abs)        0000
__size_of_lcd_puts    (abs)        0000
__size_of_main        (abs)        0000
__size_of_read_keypad (abs)        0000
__size_of_send        (abs)        0000
_exit                 init         0000
_kpd_value            bssCOMMON    007A
_lcd_clear            text150      05DE
_lcd_goto             text148      0642
_lcd_init             text152      06C8
_lcd_putch            text149      05E6
_lcd_puts             text151      0620
_main                 maintext     0712
_mode                 bitbssCOMMON 03C8
_nRBPU                (abs)        040F
_read_keypad          text155      075F
_send                 text153      0681
btemp                 (abs)        007E
end_of_initialization cinit        05DA
intlevel0             functab      0000
intlevel1             functab      0000
intlevel2             functab      0000
intlevel3             functab      0000
intlevel4             functab      0000
intlevel5             functab      0000
lcd_goto@line         cstackCOMMON 0077
lcd_goto@pos          cstackCOMMON 0076
lcd_putch@c           cstackCOMMON 0076
lcd_puts@s            cstackCOMMON 0077
reset_vec             reset_vec    0000
send@temp             cstackCOMMON 0074
send@x                cstackCOMMON 0075
start                 init         0000
start_initialization  cinit        05D8
wtemp0                (abs)        007E
