HI-TECH Software C Compiler 

Linker command line:

--edf=C:\Program Files (x86)\HI-TECH Software\PICC\9.82\dat\en_msgs.txt -cs \
  -h+FRR.sym -z -Q16F877A -ol.obj -MFRR.map -E1 -ACONST=00h-0FFhx32 \
  -ACODE=00h-07FFhx4 -ASTRCODE=00h-01FFFh -AENTRY=00h-0FFhx32 \
  -ASTRING=00h-0FFhx32 -ABANK0=020h-06Fh -ABANK1=0A0h-0EFh \
  -ABANK2=0110h-016Fh -ABANK3=0190h-01EFh \
  -ARAM=020h-06Fh,0A0h-0EFh,0110h-016Fh,0190h-01EFh \
  -AABS1=020h-07Fh,0A0h-0EFh,0110h-016Fh,0190h-01EFh -ACOMMON=070h-07Fh \
  -ASFR0=00h-01Fh -ASFR1=080h-09Fh -ASFR2=0100h-010Fh -ASFR3=0180h-018Fh \
  -preset_vec=00h,intentry=04h,init,end_init -ppowerup=CODE -pfunctab=CODE \
  -ACONFIG=02007h-02007h -pconfig=CONFIG -DCONFIG=2 -AIDLOC=02000h-02003h \
  -pidloc=IDLOC -DIDLOC=2 -AEEDATA=00h-0FFh/02100h -peeprom_data=EEDATA \
  -DEEDATA=2 -DCODE=2 -DSTRCODE=2 -DSTRING=2 -DCONST=2 -DENTRY=2 -k \
  startup.obj FRR.obj 

Object code version is 3.10

Machine type is 16F877A



                Name                               Link     Load   Length Selector   Space Scale
startup.obj     end_init                             12       12        3        8       0
                reset_vec                             0        0        3        0       0
FRR.obj         intentry                              4        4        E        8       0
                text143                              62       62       21        8       0
                text142                              83       83       1D        8       0
                text141                              3F       3F       23        8       0
                text140                              A4       A4        4        8       0
                maintext                             15       15       2A        8       0
                cstackBANK0                          20       20        4       20       1
                cstackCOMMON                         70       70        8       70       1
                cinit                                A0       A0        4        8       0

TOTAL           Name                               Link     Load   Length     Space
        CLASS   CONST          

        CLASS   CODE           
                end_init                             12       12        3         0
                intentry                              4        4        E         0
                reset_vec                             0        0        3         0
                text143                              62       62       21         0
                text142                              83       83       1D         0
                text141                              3F       3F       23         0
                text140                              A4       A4        4         0
                maintext                             15       15       2A         0
                cinit                                A0       A0        4         0

        CLASS   STRCODE        

        CLASS   ENTRY          

        CLASS   STRING         

        CLASS   BANK0          
                cstackBANK0                          20       20        4         1

        CLASS   BANK1          

        CLASS   BANK2          

        CLASS   BANK3          

        CLASS   RAM            

        CLASS   ABS1           
                abs_s1                               7E       7E        2         1

        CLASS   COMMON         
                cstackCOMMON                         70       70        8         1

        CLASS   SFR0           

        CLASS   SFR1           

        CLASS   SFR2           

        CLASS   SFR3           

        CLASS   CONFIG         

        CLASS   IDLOC          

        CLASS   EEDATA         



SEGMENTS        Name                           Load    Length   Top    Selector   Space  Class     Delta

                reset_vec                      000000  000003  000003         0       0  CODE        2
                intentry                       000004  0000A4  0000A8         8       0  CODE        2
                cstackBANK0                    000020  000004  000024        20       1  BANK0       1
                cstackCOMMON                   000070  000008  000078        70       1  COMMON      1


UNUSED ADDRESS RANGES

        Name                Unused          Largest block    Delta
        BANK0            024-06F            4C           1
        BANK1            0A0-0EF            50           1
        BANK2            110-16F            60           1
        BANK3            190-1EF            60           1
        CODE             003-003             1           2
                         0A8-1FFF           800
        COMMON           078-07D             6           1
        CONFIG           2007-2007             1           2
        CONST            003-003             1           2
                         0A8-1FFF           100
        EEDATA           2100-21FF           100           2
        ENTRY            003-003             1           2
                         0A8-1FFF           100
        IDLOC            2000-2003             4           2
        RAM              024-06F            4C           1
                         0A0-0EF            50
                         110-16F            60
                         190-1EF            60
        SFR0             000-01F            20           1
        SFR1             080-09F            20           1
        SFR2             100-10F            10           1
        SFR3             180-18F            10           1
        STRCODE          003-003             1           2
                         0A8-1FFF          1F58
        STRING           003-003             1           2
                         0A8-1FFF           100

                                  Symbol Table

??_DelayMs              cstackBANK0  020
??_abc                  cstackCOMMON 074
??_interrupt_ini        cstackBANK0  020
??_main                 cstackBANK0  024
??i1_DelayMs            cstackCOMMON 070
?_DelayMs               cstackCOMMON 070
?_abc                   cstackCOMMON 070
?_interrupt_ini         cstackCOMMON 070
?_main                  cstackCOMMON 070
?i1_DelayMs             cstackCOMMON 070
DelayMs@_dcnt           cstackBANK0  023
DelayMs@cnt             cstackBANK0  021
DelayMs@i               cstackBANK0  022
_CARRY                  (abs)        018
_DelayMs                text141      03F
_EEADR                  (abs)        10D
_EECON1                 (abs)        18C
_EECON2                 (abs)        18D
_EEDATA                 (abs)        10C
_GIE                    (abs)        05F
_INTE                   (abs)        05C
_INTF                   (abs)        059
_PORTB                  (abs)        006
_PORTD                  (abs)        008
_RD                     (abs)        C60
_RD0                    (abs)        040
_RD1                    (abs)        041
_TRISB                  (abs)        086
_TRISD                  (abs)        088
_WR                     (abs)        C61
_WREN                   (abs)        C62
__Habs1                 abs1         000
__Hbank0                bank0        000
__Hbank1                bank1        000
__Hbank2                bank2        000
__Hbank3                bank3        000
__Hcinit                cinit        000
__Hclrtext              clrtext      000
__Hcode                 code         000
__Hcommon               common       000
__Hconfig               config       000
__HcstackBANK0          cstackBANK0  000
__HcstackCOMMON         cstackCOMMON 000
__Heeprom_data          eeprom_data  000
__Hend_init             end_init     015
__Hfunctab              functab      000
__Hidloc                idloc        000
__Hinit                 init         012
__Hintentry             intentry     012
__Hmaintext             maintext     000
__Hpowerup              powerup      000
__Hram                  ram          000
__Hreset_vec            reset_vec    003
__Hsfr0                 sfr0         000
__Hsfr1                 sfr1         000
__Hsfr2                 sfr2         000
__Hsfr3                 sfr3         000
__Hstrings              strings      000
__Htext                 text         000
__Labs1                 abs1         000
__Lbank0                bank0        000
__Lbank1                bank1        000
__Lbank2                bank2        000
__Lbank3                bank3        000
__Lcinit                cinit        000
__Lclrtext              clrtext      000
__Lcode                 code         000
__Lcommon               common       000
__Lconfig               config       000
__LcstackBANK0          cstackBANK0  000
__LcstackCOMMON         cstackCOMMON 000
__Leeprom_data          eeprom_data  000
__Lend_init             end_init     012
__Lfunctab              functab      000
__Lidloc                idloc        000
__Linit                 init         012
__Lintentry             intentry     004
__Lmaintext             maintext     000
__Lpowerup              powerup      000
__Lram                  ram          000
__Lreset_vec            reset_vec    000
__Lsfr0                 sfr0         000
__Lsfr1                 sfr1         000
__Lsfr2                 sfr2         000
__Lsfr3                 sfr3         000
__Lstrings              strings      000
__Ltext                 text         000
__S0                    (abs)        0A8
__S1                    (abs)        078
__S2                    (abs)        000
__end_of_DelayMs        text141      062
__end_of_abc            text142      0A0
__end_of_interrupt_ini  text140      0A8
__end_of_main           maintext     03F
__end_ofi1_DelayMs      text143      083
__pcstackBANK0          cstackBANK0  020
__pcstackCOMMON         cstackCOMMON 070
__pintentry             intentry     004
__pmaintext             maintext     015
__ptext139              text139      000
__ptext140              text140      0A4
__ptext141              text141      03F
__ptext142              text142      083
__ptext143              text143      062
__ptext144              text144      000
__size_of_DelayMs       (abs)        000
__size_of_abc           (abs)        000
__size_of_interrupt_ini (abs)        000
__size_of_main          (abs)        000
__size_ofi1_DelayMs     (abs)        000
_abc                    text142      083
_exit                   init         012
_interrupt_ini          text140      0A4
_main                   maintext     015
btemp                   (abs)        07E
end_of_initialization   cinit        0A0
i1DelayMs@_dcnt         cstackCOMMON 073
i1DelayMs@cnt           cstackCOMMON 071
i1DelayMs@i             cstackCOMMON 072
i1_DelayMs              text143      062
interrupt_function      intentry     004
intlevel0               functab      000
intlevel1               functab      000
intlevel2               functab      000
intlevel3               functab      000
intlevel4               functab      000
intlevel5               functab      000
reset_vec               reset_vec    000
saved_w                 (abs)        07E
start                   init         012
start_initialization    cinit        0A0
wtemp0                  (abs)        07E
