HI-TECH Software C Compiler 

Linker command line:

--edf=C:\Program Files (x86)\HI-TECH Software\PICC\9.71a\dat\en_msgs.txt \
  -cs -h+see.sym -z -Q16F877A -ol.obj -Msee.map -E1 -ACONST=00h-0FFhx32 \
  -ACODE=00h-07FFhx4 -ASTRCODE=00h-01FFFh -AENTRY=00h-0FFhx32 \
  -ASTRING=00h-0FFhx32 -ABANK0=020h-06Fh -ABANK1=0A0h-0EFh \
  -ABANK2=0110h-016Fh -ABANK3=0190h-01EFh \
  -ARAM=020h-06Fh,0A0h-0EFh,0110h-016Fh,0190h-01EFh \
  -AABS1=020h-07Fh,0A0h-0EFh,0110h-016Fh,0190h-01EFh -ACOMMON=070h-07Fh \
  -ASFR0=00h-01Fh -ASFR1=080h-09Fh -ASFR2=0100h-010Fh -ASFR3=0180h-018Fh \
  -preset_vec=00h,intentry,init,end_init -ppowerup=CODE -pfunctab=CODE \
  -ACONFIG=02007h-02007h -pconfig=CONFIG -DCONFIG=2 -AIDLOC=02000h-02003h \
  -pidloc=IDLOC -DIDLOC=2 -AEEDATA=00h-0FFh/02100h -peeprom_data=EEDATA \
  -DEEDATA=2 -DCODE=2 -DSTRCODE=2 -DSTRING=2 -DCONST=2 -DENTRY=2 -k \
  startup.obj see.obj 

Object code version is 3.10

Machine type is 16F877A



                Name                               Link     Load   Length Selector   Space Scale
startup.obj     end_init                              0        0        3        0       0
see.obj         text161                             68C      68C       1C      D18       0
                text160                             662      662        B      CC4       0
                text159                             66D      66D        F      CDA       0
                text158                             67C      67C       10      CF8       0
                text157                             6C8      6C8       28      D90       0
                text156                             771      771       45      EE2       0
                text155                             7B6      7B6       4A      F6C       0
                text154                             6A8      6A8       20      D50       0
                text153                             651      651        8      CA2       0
                text152                             659      659        9      CB2       0
                text151                             6F0      6F0       3F      DE0       0
                maintext                            72F      72F       42      E5E       0
                cstackCOMMON                         70       70        A       70       1
                bitbssCOMMON                        3D0       7A        1       70       1     8
                cinit                               64C      64C        5      C98       0
                strings                               3        3       19        6       0

TOTAL           Name                               Link     Load   Length     Space
        CLASS   CONST          

        CLASS   CODE           
                end_init                              0        0        3         0
                text161                             68C      68C       1C         0
                text160                             662      662        B         0
                text159                             66D      66D        F         0
                text158                             67C      67C       10         0
                text157                             6C8      6C8       28         0
                text156                             771      771       45         0
                text155                             7B6      7B6       4A         0
                text154                             6A8      6A8       20         0
                text153                             651      651        8         0
                text152                             659      659        9         0
                text151                             6F0      6F0       3F         0
                maintext                            72F      72F       42         0
                cinit                               64C      64C        5         0

        CLASS   STRCODE        

        CLASS   ENTRY          

        CLASS   STRING         
                strings                               3        3       19         0

        CLASS   BANK0          

        CLASS   BANK1          

        CLASS   BANK2          

        CLASS   BANK3          

        CLASS   RAM            

        CLASS   ABS1           
                abs_s1                               7E       7E        2         1

        CLASS   COMMON         
                cstackCOMMON                         70       70        A         1
                bitbssCOMMON                        3D0       7A        1         1

        CLASS   SFR0           

        CLASS   SFR1           

        CLASS   SFR2           

        CLASS   SFR3           

        CLASS   CONFIG         

        CLASS   IDLOC          

        CLASS   EEDATA         



SEGMENTS        Name                           Load    Length   Top    Selector   Space  Class     Delta

                reset_vec                      000000  000003  000003         0       0  CODE        2
                strings                        000003  000019  00001C         6       0  STRING      2
                cstackCOMMON                   000070  00000B  00007B        70       1  COMMON      1
                cinit                          00064C  000005  000651       C98       0  CODE        2
                text153                        000651  000008  000659       CA2       0  CODE        2
                text152                        000659  000009  000662       CB2       0  CODE        2
                text160                        000662  00000B  00066D       CC4       0  CODE        2
                text159                        00066D  00000F  00067C       CDA       0  CODE        2
                text158                        00067C  000010  00068C       CF8       0  CODE        2
                text161                        00068C  00001C  0006A8       D18       0  CODE        2
                text154                        0006A8  000020  0006C8       D50       0  CODE        2
                text157                        0006C8  000028  0006F0       D90       0  CODE        2
                text151                        0006F0  00003F  00072F       DE0       0  CODE        2
                maintext                       00072F  000042  000771       E5E       0  CODE        2
                text156                        000771  000045  0007B6       EE2       0  CODE        2
                text155                        0007B6  00004A  000800       F6C       0  CODE        2


UNUSED ADDRESS RANGES

        Name                Unused          Largest block    Delta
        BANK0            0020-006F             50           1
        BANK1            00A0-00EF             50           1
        BANK2            0110-016F             60           1
        BANK3            0190-01EF             60           1
        CODE             001C-064B            630           2
                         0800-1FFF            800
        COMMON           007B-007D              3           1
        CONFIG           2007-2007              1           2
        CONST            001C-064B            100           2
                         0800-1FFF            100
        EEDATA           2100-21FF            100           2
        ENTRY            001C-064B            100           2
                         0800-1FFF            100
        IDLOC            2000-2003              4           2
        RAM              0020-006F             50           1
                         00A0-00EF             50
                         0110-016F             60
                         0190-01EF             60
        SFR0             0000-001F             20           1
        SFR1             0080-009F             20           1
        SFR2             0100-010F             10           1
        SFR3             0180-018F             10           1
        STRCODE          001C-064B            630           2
                         0800-1FFF           1800
        STRING           001C-064B            100           2
                         0800-1FFF            100

                                  Symbol Table

??_LCD_STROBE         cstackCOMMON 0070
??_lcd_clear          cstackCOMMON 0076
??_lcd_goto           cstackCOMMON 0077
??_lcd_init           cstackCOMMON 0076
??_lcd_putch          cstackCOMMON 0076
??_lcd_puts           cstackCOMMON 0076
??_main               cstackCOMMON 0078
??_sci_getch          cstackCOMMON 0070
??_sci_init           cstackCOMMON 0072
??_sci_putch          cstackCOMMON 0070
??_sci_puts           cstackCOMMON 0071
??_send               cstackCOMMON 0072
?_LCD_STROBE          cstackCOMMON 0070
?_lcd_clear           cstackCOMMON 0070
?_lcd_goto            cstackCOMMON 0076
?_lcd_init            cstackCOMMON 0070
?_lcd_putch           cstackCOMMON 0070
?_lcd_puts            cstackCOMMON 0070
?_main                cstackCOMMON 0070
?_sci_getch           cstackCOMMON 0070
?_sci_init            cstackCOMMON 0070
?_sci_putch           cstackCOMMON 0070
?_sci_puts            cstackCOMMON 0070
?_send                cstackCOMMON 0070
_BRGH                 (abs)        04C2
_CREN                 (abs)        00C4
_LCD_STROBE           text158      067C
_OERR                 (abs)        00C1
_PORTD                (abs)        0008
_RCIE                 (abs)        0465
_RCIF                 (abs)        0065
_RCREG                (abs)        001A
_RD2                  (abs)        0042
_RD3                  (abs)        0043
_RX9                  (abs)        00C6
_SPBRG                (abs)        0099
_SPEN                 (abs)        00C7
_SYNC                 (abs)        04C4
_TRISD                (abs)        0088
_TX9                  (abs)        04C6
_TXEN                 (abs)        04C5
_TXIE                 (abs)        0464
_TXIF                 (abs)        0064
_TXREG                (abs)        0019
__Habs1               abs1         0000
__Hbank0              bank0        0000
__Hbank1              bank1        0000
__Hbank2              bank2        0000
__Hbank3              bank3        0000
__HbitbssCOMMON       bitbssCOMMON 0000
__Hcinit              cinit        0000
__Hclrtext            clrtext      0000
__Hcode               code         0000
__Hcommon             common       0000
__Hconfig             config       0000
__HcstackCOMMON       cstackCOMMON 0000
__Heeprom_data        eeprom_data  0000
__Hend_init           end_init     0003
__Hfunctab            functab      0000
__Hidloc              idloc        0000
__Hinit               init         0000
__Hintentry           intentry     0000
__Hmaintext           maintext     0000
__Hpowerup            powerup      0000
__Hram                ram          0000
__Hreset_vec          reset_vec    0000
__Hsfr0               sfr0         0000
__Hsfr1               sfr1         0000
__Hsfr2               sfr2         0000
__Hsfr3               sfr3         0000
__Hstrings            strings      0000
__Htext               text         0000
__Labs1               abs1         0000
__Lbank0              bank0        0000
__Lbank1              bank1        0000
__Lbank2              bank2        0000
__Lbank3              bank3        0000
__LbitbssCOMMON       bitbssCOMMON 0000
__Lcinit              cinit        0000
__Lclrtext            clrtext      0000
__Lcode               code         0000
__Lcommon             common       0000
__Lconfig             config       0000
__LcstackCOMMON       cstackCOMMON 0000
__Leeprom_data        eeprom_data  0000
__Lend_init           end_init     0000
__Lfunctab            functab      0000
__Lidloc              idloc        0000
__Linit               init         0000
__Lintentry           intentry     0000
__Lmaintext           maintext     0000
__Lpowerup            powerup      0000
__Lram                ram          0000
__Lreset_vec          reset_vec    0000
__Lsfr0               sfr0         0000
__Lsfr1               sfr1         0000
__Lsfr2               sfr2         0000
__Lsfr3               sfr3         0000
__Lstrings            strings      0000
__Ltext               text         0000
__S0                  (abs)        0800
__S1                  (abs)        007B
__S2                  (abs)        0000
__end_of_LCD_STROBE   text158      068C
__end_of_lcd_clear    text153      0659
__end_of_lcd_goto     text151      072F
__end_of_lcd_init     text155      0800
__end_of_lcd_putch    text152      0662
__end_of_lcd_puts     text154      06C8
__end_of_main         maintext     0771
__end_of_sci_getch    text159      067C
__end_of_sci_init     text161      06A8
__end_of_sci_putch    text160      066D
__end_of_sci_puts     text157      06F0
__end_of_send         text156      07B6
__pbitbssCOMMON       bitbssCOMMON 03D0
__pcstackCOMMON       cstackCOMMON 0070
__pmaintext           maintext     072F
__pstrings            strings      0003
__ptext150            text150      0000
__ptext151            text151      06F0
__ptext152            text152      0659
__ptext153            text153      0651
__ptext154            text154      06A8
__ptext155            text155      07B6
__ptext156            text156      0771
__ptext157            text157      06C8
__ptext158            text158      067C
__ptext159            text159      066D
__ptext160            text160      0662
__ptext161            text161      068C
__ptext162            text162      0000
__size_of_LCD_STROBE  (abs)        0000
__size_of_lcd_clear   (abs)        0000
__size_of_lcd_goto    (abs)        0000
__size_of_lcd_init    (abs)        0000
__size_of_lcd_putch   (abs)        0000
__size_of_lcd_puts    (abs)        0000
__size_of_main        (abs)        0000
__size_of_sci_getch   (abs)        0000
__size_of_sci_init    (abs)        0000
__size_of_sci_putch   (abs)        0000
__size_of_sci_puts    (abs)        0000
__size_of_send        (abs)        0000
_exit                 init         0000
_lcd_clear            text153      0651
_lcd_goto             text151      06F0
_lcd_init             text155      07B6
_lcd_putch            text152      0659
_lcd_puts             text154      06A8
_main                 maintext     072F
_mode                 bitbssCOMMON 03D0
_sci_getch            text159      066D
_sci_init             text161      068C
_sci_putch            text160      0662
_sci_puts             text157      06C8
_send                 text156      0771
btemp                 (abs)        007E
end_of_initialization cinit        064D
intlevel0             functab      0000
intlevel1             functab      0000
intlevel2             functab      0000
intlevel3             functab      0000
intlevel4             functab      0000
intlevel5             functab      0000
lcd_goto@line         cstackCOMMON 0077
lcd_goto@pos          cstackCOMMON 0076
lcd_putch@c           cstackCOMMON 0076
lcd_puts@s            cstackCOMMON 0077
main@x                cstackCOMMON 0079
reset_vec             reset_vec    0000
sci_init@bd_rt        cstackCOMMON 0070
sci_putch@byte        cstackCOMMON 0070
sci_puts@aa           cstackCOMMON 0073
send@temp             cstackCOMMON 0074
send@x                cstackCOMMON 0075
start                 init         0000
start_initialization  cinit        064C
wtemp0                (abs)        007E
